
> mensajeria-backend@1.0.0 test
> jest --runInBand

node.exe : FAIL specs/reportes-ampliados.spec.ts (8.345 s)
En línea: 1 Carácter: 1
+ & "C:\Program Files\nodejs/node.exe" "C:\Users\jrang\AppData\Roaming\ ...
+ ~~~~~~~~~~~~~~~~~~~~~~~~~~~~~~~~~~~~~~~~~~~~~~~~~~~~~~~~~~~~~~~~~~~~~
    + CategoryInfo          : NotSpecified: (FAIL specs/repo...ec.ts (8.345 s):String) 
    [], RemoteException
    + FullyQualifiedErrorId : NativeCommandError
 
  ÔùÅ ReportesRepository.getCourierStats ÔÇö Property Tests ÔÇ║ Property 3: 
company_earnings = ╬ú(delivery_price de is_settled_courier=true) ÔêÆ ╬ú(total_earned 
de settlements)

    Property failed after 4 tests
    { seed: 430557081, path: "3:0:0:0:0:0:0:8:0:0:1:1:4:4:0:1:0:0", endOnFailure: true 
}
    Counterexample: [[{"courier_id":"00000000-0000-1000-8000-000000000000","settled_amo
unt":0,"total_earned":0.000005000000328436727,"has_settlements":true}]]
    Shrunk 17 time(s)

    Hint: Enable verbose mode in order to have the list of all failing values 
encountered during the run

      at buildError (node_modules/fast-check/lib/cjs/fast-check.js:2449:16)
      at asyncThrowIfFailed (node_modules/fast-check/lib/cjs/fast-check.js:2461:8)

    Cause:
    expect(received).toBeCloseTo(expected, precision)

    Expected: -0.000005000000328436727
    Received: 0

    Expected precision:    5
    Expected difference: < 0.000005
    Received difference:   0.000005000000328436727

    [0m [90m 635 |[39m               [33m:[39m 
courier[33m.[39msettled_amount[33m;[39m [90m// no settlements ÔåÆ total_earned = 
0[39m
     [90m 636 |[39m
    [31m[1m>[22m[39m[90m 637 |[39m             expect(row[33m.[39mcompany_earni
ngs)[33m.[39mtoBeCloseTo(expectedEarnings[33m,[39m [35m5[39m)[33m;[39m
     [90m     |[39m                                          [31m[1m^[22m[39m
     [90m 638 |[39m           }
     [90m 639 |[39m         }[33m,[39m
     [90m 640 |[39m       )[33m,[39m[0m

      at specs/reportes-ampliados.spec.ts:637:42
      at AsyncProperty.run (node_modules/fast-check/lib/cjs/fast-check.js:1208:19)
      at asyncRunIt (node_modules/fast-check/lib/cjs/fast-check.js:2503:15)
      at Object.<anonymous> (specs/reportes-ampliados.spec.ts:565:5)

PASS specs/servicios.spec.ts
PASS specs/bff-web.spec.ts
PASS specs/super-admin/global-config.use-case.spec.ts
PASS specs/liquidaciones.spec.ts
PASS src/tests/unit/servicios/cambiar-estado.use-case.spec.ts
[32m[Nest] 15232  - [39m03/05/2026, 11:25:44 a.┬ám. [32m    LOG[39m [38;5;3m[CacheService] [39m[32mREDIS_URL no configurado. Usando cach├® en memoria.[39m
[32m[Nest] 15232  - [39m03/05/2026, 11:25:44 a.┬ám. [32m    LOG[39m [38;5;3m[CacheService] [39m[32mREDIS_URL no configurado. Usando cach├® en memoria.[39m
[32m[Nest] 15232  - [39m03/05/2026, 11:25:44 a.┬ám. [32m    LOG[39m [38;5;3m[CacheService] [39m[32mREDIS_URL no configurado. Usando cach├® en memoria.[39m
[32m[Nest] 15232  - [39m03/05/2026, 11:25:44 a.┬ám. [32m    LOG[39m [38;5;3m[CacheService] [39m[32mREDIS_URL no configurado. Usando cach├® en memoria.[39m
[32m[Nest] 15232  - [39m03/05/2026, 11:25:44 a.┬ám. [32m    LOG[39m [38;5;3m[CacheService] [39m[32mREDIS_URL no configurado. Usando cach├® en memoria.[39m
[32m[Nest] 15232  - [39m03/05/2026, 11:25:44 a.┬ám. [32m    LOG[39m [38;5;3m[CacheService] [39m[32mREDIS_URL no configurado. Usando cach├® en memoria.[39m
[32m[Nest] 15232  - [39m03/05/2026, 11:25:44 a.┬ám. [32m    LOG[39m [38;5;3m[CacheService] [39m[32mREDIS_URL no configurado. Usando cach├® en memoria.[39m
[32m[Nest] 15232  - [39m03/05/2026, 11:25:44 a.┬ám. [32m    LOG[39m [38;5;3m[CacheService] [39m[32mREDIS_URL no configurado. Usando cach├® en memoria.[39m
[32m[Nest] 15232  - [39m03/05/2026, 11:25:44 a.┬ám. [32m    LOG[39m [38;5;3m[CacheService] [39m[32mREDIS_URL no configurado. Usando cach├® en memoria.[39m
[32m[Nest] 15232  - [39m03/05/2026, 11:25:44 a.┬ám. [32m    LOG[39m [38;5;3m[CacheService] [39m[32mREDIS_URL no configurado. Usando cach├® en memoria.[39m
[32m[Nest] 15232  - [39m03/05/2026, 11:25:44 a.┬ám. [32m    LOG[39m [38;5;3m[CacheService] [39m[32mREDIS_URL no configurado. Usando cach├® en memoria.[39m
[32m[Nest] 15232  - [39m03/05/2026, 11:25:44 a.┬ám. [32m    LOG[39m [38;5;3m[CacheService] [39m[32mREDIS_URL no configurado. Usando cach├® en memoria.[39m
[32m[Nest] 15232  - [39m03/05/2026, 11:25:44 a.┬ám. [32m    LOG[39m [38;5;3m[CacheService] [39m[32mREDIS_URL no configurado. Usando cach├® en memoria.[39m
[32m[Nest] 15232  - [39m03/05/2026, 11:25:44 a.┬ám. [32m    LOG[39m [38;5;3m[CacheService] [39m[32mREDIS_URL no configurado. Usando cach├® en memoria.[39m
[32m[Nest] 15232  - [39m03/05/2026, 11:25:44 a.┬ám. [32m    LOG[39m [38;5;3m[CacheService] [39m[32mREDIS_URL no configurado. Usando cach├® en memoria.[39m
[32m[Nest] 15232  - [39m03/05/2026, 11:25:44 a.┬ám. [32m    LOG[39m [38;5;3m[CacheService] [39m[32mREDIS_URL no configurado. Usando cach├® en memoria.[39m
[32m[Nest] 15232  - [39m03/05/2026, 11:25:44 a.┬ám. [32m    LOG[39m [38;5;3m[CacheService] [39m[32mREDIS_URL no configurado. Usando cach├® en memoria.[39m
[32m[Nest] 15232  - [39m03/05/2026, 11:25:44 a.┬ám. [32m    LOG[39m [38;5;3m[CacheService] [39m[32mREDIS_URL no configurado. Usando cach├® en memoria.[39m
[32m[Nest] 15232  - [39m03/05/2026, 11:25:44 a.┬ám. [32m    LOG[39m [38;5;3m[CacheService] [39m[32mREDIS_URL no configurado. Usando cach├® en memoria.[39m
[32m[Nest] 15232  - [39m03/05/2026, 11:25:44 a.┬ám. [32m    LOG[39m [38;5;3m[CacheService] [39m[32mREDIS_URL no configurado. Usando cach├® en memoria.[39m
[32m[Nest] 15232  - [39m03/05/2026, 11:25:44 a.┬ám. [32m    LOG[39m [38;5;3m[CacheService] [39m[32mREDIS_URL no configurado. Usando cach├® en memoria.[39m
[32m[Nest] 15232  - [39m03/05/2026, 11:25:44 a.┬ám. [32m    LOG[39m [38;5;3m[CacheService] [39m[32mREDIS_URL no configurado. Usando cach├® en memoria.[39m
[32m[Nest] 15232  - [39m03/05/2026, 11:25:44 a.┬ám. [32m    LOG[39m [38;5;3m[CacheService] [39m[32mREDIS_URL no configurado. Usando cach├® en memoria.[39m
[32m[Nest] 15232  - [39m03/05/2026, 11:25:44 a.┬ám. [32m    LOG[39m [38;5;3m[CacheService] [39m[32mREDIS_URL no configurado. Usando cach├® en memoria.[39m
[32m[Nest] 15232  - [39m03/05/2026, 11:25:44 a.┬ám. [32m    LOG[39m [38;5;3m[CacheService] [39m[32mREDIS_URL no configurado. Usando cach├® en memoria.[39m
[32m[Nest] 15232  - [39m03/05/2026, 11:25:44 a.┬ám. [32m    LOG[39m [38;5;3m[CacheService] [39m[32mREDIS_URL no configurado. Usando cach├® en memoria.[39m
[32m[Nest] 15232  - [39m03/05/2026, 11:25:44 a.┬ám. [32m    LOG[39m [38;5;3m[CacheService] [39m[32mREDIS_URL no configurado. Usando cach├® en memoria.[39m
[32m[Nest] 15232  - [39m03/05/2026, 11:25:44 a.┬ám. [32m    LOG[39m [38;5;3m[CacheService] [39m[32mREDIS_URL no configurado. Usando cach├® en memoria.[39m
[32m[Nest] 15232  - [39m03/05/2026, 11:25:44 a.┬ám. [32m    LOG[39m [38;5;3m[CacheService] [39m[32mREDIS_URL no configurado. Usando cach├® en memoria.[39m
[32m[Nest] 15232  - [39m03/05/2026, 11:25:44 a.┬ám. [32m    LOG[39m [38;5;3m[CacheService] [39m[32mREDIS_URL no configurado. Usando cach├® en memoria.[39m
[32m[Nest] 15232  - [39m03/05/2026, 11:25:44 a.┬ám. [32m    LOG[39m [38;5;3m[CacheService] [39m[32mREDIS_URL no configurado. Usando cach├® en memoria.[39m
[32m[Nest] 15232  - [39m03/05/2026, 11:25:44 a.┬ám. [32m    LOG[39m [38;5;3m[CacheService] [39m[32mREDIS_URL no configurado. Usando cach├® en memoria.[39m
[32m[Nest] 15232  - [39m03/05/2026, 11:25:44 a.┬ám. [32m    LOG[39m [38;5;3m[CacheService] [39m[32mREDIS_URL no configurado. Usando cach├® en memoria.[39m
[32m[Nest] 15232  - [39m03/05/2026, 11:25:44 a.┬ám. [32m    LOG[39m [38;5;3m[CacheService] [39m[32mREDIS_URL no configurado. Usando cach├® en memoria.[39m
[32m[Nest] 15232  - [39m03/05/2026, 11:25:44 a.┬ám. [32m    LOG[39m [38;5;3m[CacheService] [39m[32mREDIS_URL no configurado. Usando cach├® en memoria.[39m
[32m[Nest] 15232  - [39m03/05/2026, 11:25:44 a.┬ám. [32m    LOG[39m [38;5;3m[CacheService] [39m[32mREDIS_URL no configurado. Usando cach├® en memoria.[39m
[32m[Nest] 15232  - [39m03/05/2026, 11:25:44 a.┬ám. [32m    LOG[39m [38;5;3m[CacheService] [39m[32mREDIS_URL no configurado. Usando cach├® en memoria.[39m
[32m[Nest] 15232  - [39m03/05/2026, 11:25:44 a.┬ám. [32m    LOG[39m [38;5;3m[CacheService] [39m[32mREDIS_URL no configurado. Usando cach├® en memoria.[39m
[32m[Nest] 15232  - [39m03/05/2026, 11:25:44 a.┬ám. [32m    LOG[39m [38;5;3m[CacheService] [39m[32mREDIS_URL no configurado. Usando cach├® en memoria.[39m
[32m[Nest] 15232  - [39m03/05/2026, 11:25:44 a.┬ám. [32m    LOG[39m [38;5;3m[CacheService] [39m[32mREDIS_URL no configurado. Usando cach├® en memoria.[39m
[32m[Nest] 15232  - [39m03/05/2026, 11:25:44 a.┬ám. [32m    LOG[39m [38;5;3m[CacheService] [39m[32mREDIS_URL no configurado. Usando cach├® en memoria.[39m
[32m[Nest] 15232  - [39m03/05/2026, 11:25:44 a.┬ám. [32m    LOG[39m [38;5;3m[CacheService] [39m[32mREDIS_URL no configurado. Usando cach├® en memoria.[39m
[32m[Nest] 15232  - [39m03/05/2026, 11:25:44 a.┬ám. [32m    LOG[39m [38;5;3m[CacheService] [39m[32mREDIS_URL no configurado. Usando cach├® en memoria.[39m
[32m[Nest] 15232  - [39m03/05/2026, 11:25:44 a.┬ám. [32m    LOG[39m [38;5;3m[CacheService] [39m[32mREDIS_URL no configurado. Usando cach├® en memoria.[39m
[32m[Nest] 15232  - [39m03/05/2026, 11:25:44 a.┬ám. [32m    LOG[39m [38;5;3m[CacheService] [39m[32mREDIS_URL no configurado. Usando cach├® en memoria.[39m
[32m[Nest] 15232  - [39m03/05/2026, 11:25:44 a.┬ám. [32m    LOG[39m [38;5;3m[CacheService] [39m[32mREDIS_URL no configurado. Usando cach├® en memoria.[39m
[32m[Nest] 15232  - [39m03/05/2026, 11:25:44 a.┬ám. [32m    LOG[39m [38;5;3m[CacheService] [39m[32mREDIS_URL no configurado. Usando cach├® en memoria.[39m
[32m[Nest] 15232  - [39m03/05/2026, 11:25:44 a.┬ám. [32m    LOG[39m [38;5;3m[CacheService] [39m[32mREDIS_URL no configurado. Usando cach├® en memoria.[39m
[32m[Nest] 15232  - [39m03/05/2026, 11:25:44 a.┬ám. [32m    LOG[39m [38;5;3m[CacheService] [39m[32mREDIS_URL no configurado. Usando cach├® en memoria.[39m
[32m[Nest] 15232  - [39m03/05/2026, 11:25:44 a.┬ám. [32m    LOG[39m [38;5;3m[CacheService] [39m[32mREDIS_URL no configurado. Usando cach├® en memoria.[39m
[32m[Nest] 15232  - [39m03/05/2026, 11:25:44 a.┬ám. [32m    LOG[39m [38;5;3m[CacheService] [39m[32mREDIS_URL no configurado. Usando cach├® en memoria.[39m
[32m[Nest] 15232  - [39m03/05/2026, 11:25:44 a.┬ám. [32m    LOG[39m [38;5;3m[CacheService] [39m[32mREDIS_URL no configurado. Usando cach├® en memoria.[39m
[32m[Nest] 15232  - [39m03/05/2026, 11:25:44 a.┬ám. [32m    LOG[39m [38;5;3m[CacheService] [39m[32mREDIS_URL no configurado. Usando cach├® en memoria.[39m
[32m[Nest] 15232  - [39m03/05/2026, 11:25:44 a.┬ám. [32m    LOG[39m [38;5;3m[CacheService] [39m[32mREDIS_URL no configurado. Usando cach├® en memoria.[39m
[32m[Nest] 15232  - [39m03/05/2026, 11:25:45 a.┬ám. [32m    LOG[39m [38;5;3m[CacheService] [39m[32mREDIS_URL no configurado. Usando cach├® en memoria.[39m
[32m[Nest] 15232  - [39m03/05/2026, 11:25:45 a.┬ám. [32m    LOG[39m [38;5;3m[CacheService] [39m[32mREDIS_URL no configurado. Usando cach├® en memoria.[39m
[32m[Nest] 15232  - [39m03/05/2026, 11:25:45 a.┬ám. [32m    LOG[39m [38;5;3m[CacheService] [39m[32mREDIS_URL no configurado. Usando cach├® en memoria.[39m
[32m[Nest] 15232  - [39m03/05/2026, 11:25:45 a.┬ám. [32m    LOG[39m [38;5;3m[CacheService] [39m[32mREDIS_URL no configurado. Usando cach├® en memoria.[39m
[32m[Nest] 15232  - [39m03/05/2026, 11:25:45 a.┬ám. [32m    LOG[39m [38;5;3m[CacheService] [39m[32mREDIS_URL no configurado. Usando cach├® en memoria.[39m
[32m[Nest] 15232  - [39m03/05/2026, 11:25:45 a.┬ám. [32m    LOG[39m [38;5;3m[CacheService] [39m[32mREDIS_URL no configurado. Usando cach├® en memoria.[39m
[32m[Nest] 15232  - [39m03/05/2026, 11:25:45 a.┬ám. [32m    LOG[39m [38;5;3m[CacheService] [39m[32mREDIS_URL no configurado. Usando cach├® en memoria.[39m
[32m[Nest] 15232  - [39m03/05/2026, 11:25:45 a.┬ám. [32m    LOG[39m [38;5;3m[CacheService] [39m[32mREDIS_URL no configurado. Usando cach├® en memoria.[39m
[32m[Nest] 15232  - [39m03/05/2026, 11:25:45 a.┬ám. [32m    LOG[39m [38;5;3m[CacheService] [39m[32mREDIS_URL no configurado. Usando cach├® en memoria.[39m
[32m[Nest] 15232  - [39m03/05/2026, 11:25:45 a.┬ám. [32m    LOG[39m [38;5;3m[CacheService] [39m[32mREDIS_URL no configurado. Usando cach├® en memoria.[39m
[32m[Nest] 15232  - [39m03/05/2026, 11:25:45 a.┬ám. [32m    LOG[39m [38;5;3m[CacheService] [39m[32mREDIS_URL no configurado. Usando cach├® en memoria.[39m
[32m[Nest] 15232  - [39m03/05/2026, 11:25:45 a.┬ám. [32m    LOG[39m [38;5;3m[CacheService] [39m[32mREDIS_URL no configurado. Usando cach├® en memoria.[39m
[32m[Nest] 15232  - [39m03/05/2026, 11:25:45 a.┬ám. [32m    LOG[39m [38;5;3m[CacheService] [39m[32mREDIS_URL no configurado. Usando cach├® en memoria.[39m
[32m[Nest] 15232  - [39m03/05/2026, 11:25:45 a.┬ám. [32m    LOG[39m [38;5;3m[CacheService] [39m[32mREDIS_URL no configurado. Usando cach├® en memoria.[39m
[32m[Nest] 15232  - [39m03/05/2026, 11:25:45 a.┬ám. [32m    LOG[39m [38;5;3m[CacheService] [39m[32mREDIS_URL no configurado. Usando cach├® en memoria.[39m
[32m[Nest] 15232  - [39m03/05/2026, 11:25:45 a.┬ám. [32m    LOG[39m [38;5;3m[CacheService] [39m[32mREDIS_URL no configurado. Usando cach├® en memoria.[39m
[32m[Nest] 15232  - [39m03/05/2026, 11:25:45 a.┬ám. [32m    LOG[39m [38;5;3m[CacheService] [39m[32mREDIS_URL no configurado. Usando cach├® en memoria.[39m
[32m[Nest] 15232  - [39m03/05/2026, 11:25:45 a.┬ám. [32m    LOG[39m [38;5;3m[CacheService] [39m[32mREDIS_URL no configurado. Usando cach├® en memoria.[39m
[32m[Nest] 15232  - [39m03/05/2026, 11:25:45 a.┬ám. [32m    LOG[39m [38;5;3m[CacheService] [39m[32mREDIS_URL no configurado. Usando cach├® en memoria.[39m
[32m[Nest] 15232  - [39m03/05/2026, 11:25:45 a.┬ám. [32m    LOG[39m [38;5;3m[CacheService] [39m[32mREDIS_URL no configurado. Usando cach├® en memoria.[39m
[32m[Nest] 15232  - [39m03/05/2026, 11:25:45 a.┬ám. [32m    LOG[39m [38;5;3m[CacheService] [39m[32mREDIS_URL no configurado. Usando cach├® en memoria.[39m
[32m[Nest] 15232  - [39m03/05/2026, 11:25:45 a.┬ám. [32m    LOG[39m [38;5;3m[CacheService] [39m[32mREDIS_URL no configurado. Usando cach├® en memoria.[39m
[32m[Nest] 15232  - [39m03/05/2026, 11:25:45 a.┬ám. [32m    LOG[39m [38;5;3m[CacheService] [39m[32mREDIS_URL no configurado. Usando cach├® en memoria.[39m
[32m[Nest] 15232  - [39m03/05/2026, 11:25:45 a.┬ám. [32m    LOG[39m [38;5;3m[CacheService] [39m[32mREDIS_URL no configurado. Usando cach├® en memoria.[39m
[32m[Nest] 15232  - [39m03/05/2026, 11:25:45 a.┬ám. [32m    LOG[39m [38;5;3m[CacheService] [39m[32mREDIS_URL no configurado. Usando cach├® en memoria.[39m
[32m[Nest] 15232  - [39m03/05/2026, 11:25:45 a.┬ám. [32m    LOG[39m [38;5;3m[CacheService] [39m[32mREDIS_URL no configurado. Usando cach├® en memoria.[39m
[32m[Nest] 15232  - [39m03/05/2026, 11:25:45 a.┬ám. [32m    LOG[39m [38;5;3m[CacheService] [39m[32mREDIS_URL no configurado. Usando cach├® en memoria.[39m
[32m[Nest] 15232  - [39m03/05/2026, 11:25:45 a.┬ám. [32m    LOG[39m [38;5;3m[CacheService] [39m[32mREDIS_URL no configurado. Usando cach├® en memoria.[39m
[32m[Nest] 15232  - [39m03/05/2026, 11:25:45 a.┬ám. [32m    LOG[39m [38;5;3m[CacheService] [39m[32mREDIS_URL no configurado. Usando cach├® en memoria.[39m
[32m[Nest] 15232  - [39m03/05/2026, 11:25:45 a.┬ám. [32m    LOG[39m [38;5;3m[CacheService] [39m[32mREDIS_URL no configurado. Usando cach├® en memoria.[39m
[32m[Nest] 15232  - [39m03/05/2026, 11:25:45 a.┬ám. [32m    LOG[39m [38;5;3m[CacheService] [39m[32mREDIS_URL no configurado. Usando cach├® en memoria.[39m
[32m[Nest] 15232  - [39m03/05/2026, 11:25:45 a.┬ám. [32m    LOG[39m [38;5;3m[CacheService] [39m[32mREDIS_URL no configurado. Usando cach├® en memoria.[39m
[32m[Nest] 15232  - [39m03/05/2026, 11:25:45 a.┬ám. [32m    LOG[39m [38;5;3m[CacheService] [39m[32mREDIS_URL no configurado. Usando cach├® en memoria.[39m
[32m[Nest] 15232  - [39m03/05/2026, 11:25:45 a.┬ám. [32m    LOG[39m [38;5;3m[CacheService] [39m[32mREDIS_URL no configurado. Usando cach├® en memoria.[39m
[32m[Nest] 15232  - [39m03/05/2026, 11:25:45 a.┬ám. [32m    LOG[39m [38;5;3m[CacheService] [39m[32mREDIS_URL no configurado. Usando cach├® en memoria.[39m
[32m[Nest] 15232  - [39m03/05/2026, 11:25:45 a.┬ám. [32m    LOG[39m [38;5;3m[CacheService] [39m[32mREDIS_URL no configurado. Usando cach├® en memoria.[39m
[32m[Nest] 15232  - [39m03/05/2026, 11:25:45 a.┬ám. [32m    LOG[39m [38;5;3m[CacheService] [39m[32mREDIS_URL no configurado. Usando cach├® en memoria.[39m
[32m[Nest] 15232  - [39m03/05/2026, 11:25:45 a.┬ám. [32m    LOG[39m [38;5;3m[CacheService] [39m[32mREDIS_URL no configurado. Usando cach├® en memoria.[39m
[32m[Nest] 15232  - [39m03/05/2026, 11:25:45 a.┬ám. [32m    LOG[39m [38;5;3m[CacheService] [39m[32mREDIS_URL no configurado. Usando cach├® en memoria.[39m
[32m[Nest] 15232  - [39m03/05/2026, 11:25:45 a.┬ám. [32m    LOG[39m [38;5;3m[CacheService] [39m[32mREDIS_URL no configurado. Usando cach├® en memoria.[39m
[32m[Nest] 15232  - [39m03/05/2026, 11:25:45 a.┬ám. [32m    LOG[39m [38;5;3m[CacheService] [39m[32mREDIS_URL no configurado. Usando cach├® en memoria.[39m
[32m[Nest] 15232  - [39m03/05/2026, 11:25:45 a.┬ám. [32m    LOG[39m [38;5;3m[CacheService] [39m[32mREDIS_URL no configurado. Usando cach├® en memoria.[39m
[32m[Nest] 15232  - [39m03/05/2026, 11:25:45 a.┬ám. [32m    LOG[39m [38;5;3m[CacheService] [39m[32mREDIS_URL no configurado. Usando cach├® en memoria.[39m
[32m[Nest] 15232  - [39m03/05/2026, 11:25:45 a.┬ám. [32m    LOG[39m [38;5;3m[CacheService] [39m[32mREDIS_URL no configurado. Usando cach├® en memoria.[39m
[32m[Nest] 15232  - [39m03/05/2026, 11:25:45 a.┬ám. [32m    LOG[39m [38;5;3m[CacheService] [39m[32mREDIS_URL no configurado. Usando cach├® en memoria.[39m
[32m[Nest] 15232  - [39m03/05/2026, 11:25:45 a.┬ám. [32m    LOG[39m [38;5;3m[CacheService] [39m[32mREDIS_URL no configurado. Usando cach├® en memoria.[39m
[32m[Nest] 15232  - [39m03/05/2026, 11:25:45 a.┬ám. [32m    LOG[39m [38;5;3m[CacheService] [39m[32mREDIS_URL no configurado. Usando cach├® en memoria.[39m
[32m[Nest] 15232  - [39m03/05/2026, 11:25:45 a.┬ám. [32m    LOG[39m [38;5;3m[CacheService] [39m[32mREDIS_URL no configurado. Usando cach├® en memoria.[39m
[32m[Nest] 15232  - [39m03/05/2026, 11:25:45 a.┬ám. [32m    LOG[39m [38;5;3m[CacheService] [39m[32mREDIS_URL no configurado. Usando cach├® en memoria.[39m
[32m[Nest] 15232  - [39m03/05/2026, 11:25:45 a.┬ám. [32m    LOG[39m [38;5;3m[CacheService] [39m[32mREDIS_URL no configurado. Usando cach├® en memoria.[39m
[32m[Nest] 15232  - [39m03/05/2026, 11:25:45 a.┬ám. [32m    LOG[39m [38;5;3m[CacheService] [39m[32mREDIS_URL no configurado. Usando cach├® en memoria.[39m
[32m[Nest] 15232  - [39m03/05/2026, 11:25:45 a.┬ám. [32m    LOG[39m [38;5;3m[CacheService] [39m[32mREDIS_URL no configurado. Usando cach├® en memoria.[39m
[32m[Nest] 15232  - [39m03/05/2026, 11:25:45 a.┬ám. [32m    LOG[39m [38;5;3m[CacheService] [39m[32mREDIS_URL no configurado. Usando cach├® en memoria.[39m
[32m[Nest] 15232  - [39m03/05/2026, 11:25:45 a.┬ám. [32m    LOG[39m [38;5;3m[CacheService] [39m[32mREDIS_URL no configurado. Usando cach├® en memoria.[39m
[32m[Nest] 15232  - [39m03/05/2026, 11:25:45 a.┬ám. [32m    LOG[39m [38;5;3m[CacheService] [39m[32mREDIS_URL no configurado. Usando cach├® en memoria.[39m
[32m[Nest] 15232  - [39m03/05/2026, 11:25:45 a.┬ám. [32m    LOG[39m [38;5;3m[CacheService] [39m[32mREDIS_URL no configurado. Usando cach├® en memoria.[39m
[32m[Nest] 15232  - [39m03/05/2026, 11:25:45 a.┬ám. [32m    LOG[39m [38;5;3m[CacheService] [39m[32mREDIS_URL no configurado. Usando cach├® en memoria.[39m
[32m[Nest] 15232  - [39m03/05/2026, 11:25:45 a.┬ám. [32m    LOG[39m [38;5;3m[CacheService] [39m[32mREDIS_URL no configurado. Usando cach├® en memoria.[39m
[32m[Nest] 15232  - [39m03/05/2026, 11:25:45 a.┬ám. [32m    LOG[39m [38;5;3m[CacheService] [39m[32mREDIS_URL no configurado. Usando cach├® en memoria.[39m
[32m[Nest] 15232  - [39m03/05/2026, 11:25:45 a.┬ám. [32m    LOG[39m [38;5;3m[CacheService] [39m[32mREDIS_URL no configurado. Usando cach├® en memoria.[39m
[32m[Nest] 15232  - [39m03/05/2026, 11:25:45 a.┬ám. [32m    LOG[39m [38;5;3m[CacheService] [39m[32mREDIS_URL no configurado. Usando cach├® en memoria.[39m
[32m[Nest] 15232  - [39m03/05/2026, 11:25:45 a.┬ám. [32m    LOG[39m [38;5;3m[CacheService] [39m[32mREDIS_URL no configurado. Usando cach├® en memoria.[39m
[32m[Nest] 15232  - [39m03/05/2026, 11:25:45 a.┬ám. [32m    LOG[39m [38;5;3m[CacheService] [39m[32mREDIS_URL no configurado. Usando cach├® en memoria.[39m
[32m[Nest] 15232  - [39m03/05/2026, 11:25:45 a.┬ám. [32m    LOG[39m [38;5;3m[CacheService] [39m[32mREDIS_URL no configurado. Usando cach├® en memoria.[39m
[32m[Nest] 15232  - [39m03/05/2026, 11:25:45 a.┬ám. [32m    LOG[39m [38;5;3m[CacheService] [39m[32mREDIS_URL no configurado. Usando cach├® en memoria.[39m
[32m[Nest] 15232  - [39m03/05/2026, 11:25:45 a.┬ám. [32m    LOG[39m [38;5;3m[CacheService] [39m[32mREDIS_URL no configurado. Usando cach├® en memoria.[39m
[32m[Nest] 15232  - [39m03/05/2026, 11:25:45 a.┬ám. [32m    LOG[39m [38;5;3m[CacheService] [39m[32mREDIS_URL no configurado. Usando cach├® en memoria.[39m
[32m[Nest] 15232  - [39m03/05/2026, 11:25:45 a.┬ám. [32m    LOG[39m [38;5;3m[CacheService] [39m[32mREDIS_URL no configurado. Usando cach├® en memoria.[39m
[32m[Nest] 15232  - [39m03/05/2026, 11:25:45 a.┬ám. [32m    LOG[39m [38;5;3m[CacheService] [39m[32mREDIS_URL no configurado. Usando cach├® en memoria.[39m
[32m[Nest] 15232  - [39m03/05/2026, 11:25:45 a.┬ám. [32m    LOG[39m [38;5;3m[CacheService] [39m[32mREDIS_URL no configurado. Usando cach├® en memoria.[39m
[32m[Nest] 15232  - [39m03/05/2026, 11:25:45 a.┬ám. [32m    LOG[39m [38;5;3m[CacheService] [39m[32mREDIS_URL no configurado. Usando cach├® en memoria.[39m
[32m[Nest] 15232  - [39m03/05/2026, 11:25:45 a.┬ám. [32m    LOG[39m [38;5;3m[CacheService] [39m[32mREDIS_URL no configurado. Usando cach├® en memoria.[39m
[32m[Nest] 15232  - [39m03/05/2026, 11:25:45 a.┬ám. [32m    LOG[39m [38;5;3m[CacheService] [39m[32mREDIS_URL no configurado. Usando cach├® en memoria.[39m
[32m[Nest] 15232  - [39m03/05/2026, 11:25:45 a.┬ám. [32m    LOG[39m [38;5;3m[CacheService] [39m[32mREDIS_URL no configurado. Usando cach├® en memoria.[39m
[32m[Nest] 15232  - [39m03/05/2026, 11:25:45 a.┬ám. [32m    LOG[39m [38;5;3m[CacheService] [39m[32mREDIS_URL no configurado. Usando cach├® en memoria.[39m
[32m[Nest] 15232  - [39m03/05/2026, 11:25:45 a.┬ám. [32m    LOG[39m [38;5;3m[CacheService] [39m[32mREDIS_URL no configurado. Usando cach├® en memoria.[39m
[32m[Nest] 15232  - [39m03/05/2026, 11:25:45 a.┬ám. [32m    LOG[39m [38;5;3m[CacheService] [39m[32mREDIS_URL no configurado. Usando cach├® en memoria.[39m
[32m[Nest] 15232  - [39m03/05/2026, 11:25:45 a.┬ám. [32m    LOG[39m [38;5;3m[CacheService] [39m[32mREDIS_URL no configurado. Usando cach├® en memoria.[39m
[32m[Nest] 15232  - [39m03/05/2026, 11:25:45 a.┬ám. [32m    LOG[39m [38;5;3m[CacheService] [39m[32mREDIS_URL no configurado. Usando cach├® en memoria.[39m
[32m[Nest] 15232  - [39m03/05/2026, 11:25:45 a.┬ám. [32m    LOG[39m [38;5;3m[CacheService] [39m[32mREDIS_URL no configurado. Usando cach├® en memoria.[39m
[32m[Nest] 15232  - [39m03/05/2026, 11:25:45 a.┬ám. [32m    LOG[39m [38;5;3m[CacheService] [39m[32mREDIS_URL no configurado. Usando cach├® en memoria.[39m
[32m[Nest] 15232  - [39m03/05/2026, 11:25:45 a.┬ám. [32m    LOG[39m [38;5;3m[CacheService] [39m[32mREDIS_URL no configurado. Usando cach├® en memoria.[39m
[32m[Nest] 15232  - [39m03/05/2026, 11:25:45 a.┬ám. [32m    LOG[39m [38;5;3m[CacheService] [39m[32mREDIS_URL no configurado. Usando cach├® en memoria.[39m
[32m[Nest] 15232  - [39m03/05/2026, 11:25:45 a.┬ám. [32m    LOG[39m [38;5;3m[CacheService] [39m[32mREDIS_URL no configurado. Usando cach├® en memoria.[39m
[32m[Nest] 15232  - [39m03/05/2026, 11:25:45 a.┬ám. [32m    LOG[39m [38;5;3m[CacheService] [39m[32mREDIS_URL no configurado. Usando cach├® en memoria.[39m
[32m[Nest] 15232  - [39m03/05/2026, 11:25:45 a.┬ám. [32m    LOG[39m [38;5;3m[CacheService] [39m[32mREDIS_URL no configurado. Usando cach├® en memoria.[39m
[32m[Nest] 15232  - [39m03/05/2026, 11:25:45 a.┬ám. [32m    LOG[39m [38;5;3m[CacheService] [39m[32mREDIS_URL no configurado. Usando cach├® en memoria.[39m
[32m[Nest] 15232  - [39m03/05/2026, 11:25:45 a.┬ám. [32m    LOG[39m [38;5;3m[CacheService] [39m[32mREDIS_URL no configurado. Usando cach├® en memoria.[39m
[32m[Nest] 15232  - [39m03/05/2026, 11:25:45 a.┬ám. [32m    LOG[39m [38;5;3m[CacheService] [39m[32mREDIS_URL no configurado. Usando cach├® en memoria.[39m
[32m[Nest] 15232  - [39m03/05/2026, 11:25:45 a.┬ám. [32m    LOG[39m [38;5;3m[CacheService] [39m[32mREDIS_URL no configurado. Usando cach├® en memoria.[39m
[32m[Nest] 15232  - [39m03/05/2026, 11:25:45 a.┬ám. [32m    LOG[39m [38;5;3m[CacheService] [39m[32mREDIS_URL no configurado. Usando cach├® en memoria.[39m
[32m[Nest] 15232  - [39m03/05/2026, 11:25:45 a.┬ám. [32m    LOG[39m [38;5;3m[CacheService] [39m[32mREDIS_URL no configurado. Usando cach├® en memoria.[39m
[32m[Nest] 15232  - [39m03/05/2026, 11:25:45 a.┬ám. [32m    LOG[39m [38;5;3m[CacheService] [39m[32mREDIS_URL no configurado. Usando cach├® en memoria.[39m
[32m[Nest] 15232  - [39m03/05/2026, 11:25:45 a.┬ám. [32m    LOG[39m [38;5;3m[CacheService] [39m[32mREDIS_URL no configurado. Usando cach├® en memoria.[39m
[32m[Nest] 15232  - [39m03/05/2026, 11:25:45 a.┬ám. [32m    LOG[39m [38;5;3m[CacheService] [39m[32mREDIS_URL no configurado. Usando cach├® en memoria.[39m
[32m[Nest] 15232  - [39m03/05/2026, 11:25:45 a.┬ám. [32m    LOG[39m [38;5;3m[CacheService] [39m[32mREDIS_URL no configurado. Usando cach├® en memoria.[39m
[32m[Nest] 15232  - [39m03/05/2026, 11:25:45 a.┬ám. [32m    LOG[39m [38;5;3m[CacheService] [39m[32mREDIS_URL no configurado. Usando cach├® en memoria.[39m
[32m[Nest] 15232  - [39m03/05/2026, 11:25:45 a.┬ám. [32m    LOG[39m [38;5;3m[CacheService] [39m[32mREDIS_URL no configurado. Usando cach├® en memoria.[39m
[32m[Nest] 15232  - [39m03/05/2026, 11:25:45 a.┬ám. [32m    LOG[39m [38;5;3m[CacheService] [39m[32mREDIS_URL no configurado. Usando cach├® en memoria.[39m
[32m[Nest] 15232  - [39m03/05/2026, 11:25:45 a.┬ám. [32m    LOG[39m [38;5;3m[CacheService] [39m[32mREDIS_URL no configurado. Usando cach├® en memoria.[39m
[32m[Nest] 15232  - [39m03/05/2026, 11:25:45 a.┬ám. [32m    LOG[39m [38;5;3m[CacheService] [39m[32mREDIS_URL no configurado. Usando cach├® en memoria.[39m
[32m[Nest] 15232  - [39m03/05/2026, 11:25:45 a.┬ám. [32m    LOG[39m [38;5;3m[CacheService] [39m[32mREDIS_URL no configurado. Usando cach├® en memoria.[39m
[32m[Nest] 15232  - [39m03/05/2026, 11:25:45 a.┬ám. [32m    LOG[39m [38;5;3m[CacheService] [39m[32mREDIS_URL no configurado. Usando cach├® en memoria.[39m
[32m[Nest] 15232  - [39m03/05/2026, 11:25:45 a.┬ám. [32m    LOG[39m [38;5;3m[CacheService] [39m[32mREDIS_URL no configurado. Usando cach├® en memoria.[39m
[32m[Nest] 15232  - [39m03/05/2026, 11:25:45 a.┬ám. [32m    LOG[39m [38;5;3m[CacheService] [39m[32mREDIS_URL no configurado. Usando cach├® en memoria.[39m
[32m[Nest] 15232  - [39m03/05/2026, 11:25:45 a.┬ám. [32m    LOG[39m [38;5;3m[CacheService] [39m[32mREDIS_URL no configurado. Usando cach├® en memoria.[39m
[32m[Nest] 15232  - [39m03/05/2026, 11:25:45 a.┬ám. [32m    LOG[39m [38;5;3m[CacheService] [39m[32mREDIS_URL no configurado. Usando cach├® en memoria.[39m
[32m[Nest] 15232  - [39m03/05/2026, 11:25:45 a.┬ám. [32m    LOG[39m [38;5;3m[CacheService] [39m[32mREDIS_URL no configurado. Usando cach├® en memoria.[39m
[32m[Nest] 15232  - [39m03/05/2026, 11:25:45 a.┬ám. [32m    LOG[39m [38;5;3m[CacheService] [39m[32mREDIS_URL no configurado. Usando cach├® en memoria.[39m
[32m[Nest] 15232  - [39m03/05/2026, 11:25:45 a.┬ám. [32m    LOG[39m [38;5;3m[CacheService] [39m[32mREDIS_URL no configurado. Usando cach├® en memoria.[39m
[32m[Nest] 15232  - [39m03/05/2026, 11:25:45 a.┬ám. [32m    LOG[39m [38;5;3m[CacheService] [39m[32mREDIS_URL no configurado. Usando cach├® en memoria.[39m
[32m[Nest] 15232  - [39m03/05/2026, 11:25:45 a.┬ám. [32m    LOG[39m [38;5;3m[CacheService] [39m[32mREDIS_URL no configurado. Usando cach├® en memoria.[39m
[32m[Nest] 15232  - [39m03/05/2026, 11:25:45 a.┬ám. [32m    LOG[39m [38;5;3m[CacheService] [39m[32mREDIS_URL no configurado. Usando cach├® en memoria.[39m
[32m[Nest] 15232  - [39m03/05/2026, 11:25:45 a.┬ám. [32m    LOG[39m [38;5;3m[CacheService] [39m[32mREDIS_URL no configurado. Usando cach├® en memoria.[39m
[32m[Nest] 15232  - [39m03/05/2026, 11:25:45 a.┬ám. [32m    LOG[39m [38;5;3m[CacheService] [39m[32mREDIS_URL no configurado. Usando cach├® en memoria.[39m
[32m[Nest] 15232  - [39m03/05/2026, 11:25:45 a.┬ám. [32m    LOG[39m [38;5;3m[CacheService] [39m[32mREDIS_URL no configurado. Usando cach├® en memoria.[39m
[32m[Nest] 15232  - [39m03/05/2026, 11:25:45 a.┬ám. [32m    LOG[39m [38;5;3m[CacheService] [39m[32mREDIS_URL no configurado. Usando cach├® en memoria.[39m
[32m[Nest] 15232  - [39m03/05/2026, 11:25:45 a.┬ám. [32m    LOG[39m [38;5;3m[CacheService] [39m[32mREDIS_URL no configurado. Usando cach├® en memoria.[39m
[32m[Nest] 15232  - [39m03/05/2026, 11:25:45 a.┬ám. [32m    LOG[39m [38;5;3m[CacheService] [39m[32mREDIS_URL no configurado. Usando cach├® en memoria.[39m
[32m[Nest] 15232  - [39m03/05/2026, 11:25:45 a.┬ám. [32m    LOG[39m [38;5;3m[CacheService] [39m[32mREDIS_URL no configurado. Usando cach├® en memoria.[39m
[32m[Nest] 15232  - [39m03/05/2026, 11:25:45 a.┬ám. [32m    LOG[39m [38;5;3m[CacheService] [39m[32mREDIS_URL no configurado. Usando cach├® en memoria.[39m
[32m[Nest] 15232  - [39m03/05/2026, 11:25:45 a.┬ám. [32m    LOG[39m [38;5;3m[CacheService] [39m[32mREDIS_URL no configurado. Usando cach├® en memoria.[39m
[32m[Nest] 15232  - [39m03/05/2026, 11:25:45 a.┬ám. [32m    LOG[39m [38;5;3m[CacheService] [39m[32mREDIS_URL no configurado. Usando cach├® en memoria.[39m
[32m[Nest] 15232  - [39m03/05/2026, 11:25:45 a.┬ám. [32m    LOG[39m [38;5;3m[CacheService] [39m[32mREDIS_URL no configurado. Usando cach├® en memoria.[39m
[32m[Nest] 15232  - [39m03/05/2026, 11:25:45 a.┬ám. [32m    LOG[39m [38;5;3m[CacheService] [39m[32mREDIS_URL no configurado. Usando cach├® en memoria.[39m
[32m[Nest] 15232  - [39m03/05/2026, 11:25:45 a.┬ám. [32m    LOG[39m [38;5;3m[CacheService] [39m[32mREDIS_URL no configurado. Usando cach├® en memoria.[39m
[32m[Nest] 15232  - [39m03/05/2026, 11:25:45 a.┬ám. [32m    LOG[39m [38;5;3m[CacheService] [39m[32mREDIS_URL no configurado. Usando cach├® en memoria.[39m
[32m[Nest] 15232  - [39m03/05/2026, 11:25:45 a.┬ám. [32m    LOG[39m [38;5;3m[CacheService] [39m[32mREDIS_URL no configurado. Usando cach├® en memoria.[39m
[32m[Nest] 15232  - [39m03/05/2026, 11:25:45 a.┬ám. [32m    LOG[39m [38;5;3m[CacheService] [39m[32mREDIS_URL no configurado. Usando cach├® en memoria.[39m
[32m[Nest] 15232  - [39m03/05/2026, 11:25:45 a.┬ám. [32m    LOG[39m [38;5;3m[CacheService] [39m[32mREDIS_URL no configurado. Usando cach├® en memoria.[39m
[32m[Nest] 15232  - [39m03/05/2026, 11:25:45 a.┬ám. [32m    LOG[39m [38;5;3m[CacheService] [39m[32mREDIS_URL no configurado. Usando cach├® en memoria.[39m
[32m[Nest] 15232  - [39m03/05/2026, 11:25:45 a.┬ám. [32m    LOG[39m [38;5;3m[CacheService] [39m[32mREDIS_URL no configurado. Usando cach├® en memoria.[39m
[32m[Nest] 15232  - [39m03/05/2026, 11:25:45 a.┬ám. [32m    LOG[39m [38;5;3m[CacheService] [39m[32mREDIS_URL no configurado. Usando cach├® en memoria.[39m
[32m[Nest] 15232  - [39m03/05/2026, 11:25:45 a.┬ám. [32m    LOG[39m [38;5;3m[CacheService] [39m[32mREDIS_URL no configurado. Usando cach├® en memoria.[39m
[32m[Nest] 15232  - [39m03/05/2026, 11:25:45 a.┬ám. [32m    LOG[39m [38;5;3m[CacheService] [39m[32mREDIS_URL no configurado. Usando cach├® en memoria.[39m
[32m[Nest] 15232  - [39m03/05/2026, 11:25:45 a.┬ám. [32m    LOG[39m [38;5;3m[CacheService] [39m[32mREDIS_URL no configurado. Usando cach├® en memoria.[39m
[32m[Nest] 15232  - [39m03/05/2026, 11:25:45 a.┬ám. [32m    LOG[39m [38;5;3m[CacheService] [39m[32mREDIS_URL no configurado. Usando cach├® en memoria.[39m
[32m[Nest] 15232  - [39m03/05/2026, 11:25:45 a.┬ám. [32m    LOG[39m [38;5;3m[CacheService] [39m[32mREDIS_URL no configurado. Usando cach├® en memoria.[39m
[32m[Nest] 15232  - [39m03/05/2026, 11:25:45 a.┬ám. [32m    LOG[39m [38;5;3m[CacheService] [39m[32mREDIS_URL no configurado. Usando cach├® en memoria.[39m
[32m[Nest] 15232  - [39m03/05/2026, 11:25:45 a.┬ám. [32m    LOG[39m [38;5;3m[CacheService] [39m[32mREDIS_URL no configurado. Usando cach├® en memoria.[39m
[32m[Nest] 15232  - [39m03/05/2026, 11:25:45 a.┬ám. [32m    LOG[39m [38;5;3m[CacheService] [39m[32mREDIS_URL no configurado. Usando cach├® en memoria.[39m
[32m[Nest] 15232  - [39m03/05/2026, 11:25:45 a.┬ám. [32m    LOG[39m [38;5;3m[CacheService] [39m[32mREDIS_URL no configurado. Usando cach├® en memoria.[39m
[32m[Nest] 15232  - [39m03/05/2026, 11:25:45 a.┬ám. [32m    LOG[39m [38;5;3m[CacheService] [39m[32mREDIS_URL no configurado. Usando cach├® en memoria.[39m
[32m[Nest] 15232  - [39m03/05/2026, 11:25:45 a.┬ám. [32m    LOG[39m [38;5;3m[CacheService] [39m[32mREDIS_URL no configurado. Usando cach├® en memoria.[39m
[32m[Nest] 15232  - [39m03/05/2026, 11:25:45 a.┬ám. [32m    LOG[39m [38;5;3m[CacheService] [39m[32mREDIS_URL no configurado. Usando cach├® en memoria.[39m
[32m[Nest] 15232  - [39m03/05/2026, 11:25:45 a.┬ám. [32m    LOG[39m [38;5;3m[CacheService] [39m[32mREDIS_URL no configurado. Usando cach├® en memoria.[39m
[32m[Nest] 15232  - [39m03/05/2026, 11:25:45 a.┬ám. [32m    LOG[39m [38;5;3m[CacheService] [39m[32mREDIS_URL no configurado. Usando cach├® en memoria.[39m
[32m[Nest] 15232  - [39m03/05/2026, 11:25:45 a.┬ám. [32m    LOG[39m [38;5;3m[CacheService] [39m[32mREDIS_URL no configurado. Usando cach├® en memoria.[39m
PASS specs/api-performance-optimization.spec.ts
[32m[Nest] 15232  - [39m03/05/2026, 11:25:45 a.┬ám. [32m    LOG[39m [38;5;3m[CacheService] [39m[32mREDIS_URL no configurado. Usando cach├® en memoria.[39m
[32m[Nest] 15232  - [39m03/05/2026, 11:25:45 a.┬ám. [32m    LOG[39m [38;5;3m[GeocodingService] [39m[32mMapbox call | company: co-1 | address: calle 10[39m
[32m[Nest] 15232  - [39m03/05/2026, 11:25:45 a.┬ám. [32m    LOG[39m [38;5;3m[CacheService] [39m[32mREDIS_URL no configurado. Usando cach├® en memoria.[39m
[32m[Nest] 15232  - [39m03/05/2026, 11:25:45 a.┬ám. [32m    LOG[39m [38;5;3m[GeocodingService] [39m[32mMapbox call | company: co-1 | address: calle 10[39m
[32m[Nest] 15232  - [39m03/05/2026, 11:25:45 a.┬ám. [32m    LOG[39m [38;5;3m[CacheService] [39m[32mREDIS_URL no configurado. Usando cach├® en memoria.[39m
[32m[Nest] 15232  - [39m03/05/2026, 11:25:45 a.┬ám. [32m    LOG[39m [38;5;3m[GeocodingService] [39m[32mMapbox call | company: co-1 | address: xyz123[39m
[32m[Nest] 15232  - [39m03/05/2026, 11:25:45 a.┬ám. [32m    LOG[39m [38;5;3m[CacheService] [39m[32mREDIS_URL no configurado. Usando cach├® en memoria.[39m
[32m[Nest] 15232  - [39m03/05/2026, 11:25:45 a.┬ám. [32m    LOG[39m [38;5;3m[GeocodingService] [39m[32mMapbox call | company: co-1 | address: calle 10[39m
[32m[Nest] 15232  - [39m03/05/2026, 11:25:45 a.┬ám. [32m    LOG[39m [38;5;3m[CacheService] [39m[32mREDIS_URL no configurado. Usando cach├® en memoria.[39m
[32m[Nest] 15232  - [39m03/05/2026, 11:25:45 a.┬ám. [32m    LOG[39m [38;5;3m[GeocodingService] [39m[32mMapbox call | company: co-1 | address: calle 10[39m
[32m[Nest] 15232  - [39m03/05/2026, 11:25:45 a.┬ám. [32m    LOG[39m [38;5;3m[CacheService] [39m[32mREDIS_URL no configurado. Usando cach├® en memoria.[39m
[32m[Nest] 15232  - [39m03/05/2026, 11:25:45 a.┬ám. [32m    LOG[39m [38;5;3m[CacheService] [39m[32mREDIS_URL no configurado. Usando cach├® en memoria.[39m
[32m[Nest] 15232  - [39m03/05/2026, 11:25:45 a.┬ám. [32m    LOG[39m [38;5;3m[GeocodingService] [39m[32mMapbox call | company: co-1 | address: calle 10[39m
PASS specs/geocoding.spec.ts
[32m[Nest] 15232  - [39m03/05/2026, 11:25:46 a.┬ám. [32m    LOG[39m [38;5;3m[CacheService] [39m[32mREDIS_URL no configurado. Usando cach├® en memoria.[39m
[32m[Nest] 15232  - [39m03/05/2026, 11:25:46 a.┬ám. [32m    LOG[39m [38;5;3m[GeocodingService] [39m[32mMapbox call | company: co-1 | address: calle 10[39m
[32m[Nest] 15232  - [39m03/05/2026, 11:25:46 a.┬ám. [32m    LOG[39m [38;5;3m[CacheService] [39m[32mREDIS_URL no configurado. Usando cach├® en memoria.[39m
[32m[Nest] 15232  - [39m03/05/2026, 11:25:46 a.┬ám. [32m    LOG[39m [38;5;3m[GeocodingService] [39m[32mMapbox call | company: co-1 | address: calle 10[39m
[32m[Nest] 15232  - [39m03/05/2026, 11:25:46 a.┬ám. [32m    LOG[39m [38;5;3m[CacheService] [39m[32mREDIS_URL no configurado. Usando cach├® en memoria.[39m
[32m[Nest] 15232  - [39m03/05/2026, 11:25:46 a.┬ám. [32m    LOG[39m [38;5;3m[GeocodingService] [39m[32mMapbox call | company: co-1 | address: ~8/[39m
[32m[Nest] 15232  - [39m03/05/2026, 11:25:46 a.┬ám. [32m    LOG[39m [38;5;3m[CacheService] [39m[32mREDIS_URL no configurado. Usando cach├® en memoria.[39m
[32m[Nest] 15232  - [39m03/05/2026, 11:25:46 a.┬ám. [32m    LOG[39m [38;5;3m[GeocodingService] [39m[32mMapbox call | company: co-1 | address: }[39m
[32m[Nest] 15232  - [39m03/05/2026, 11:25:46 a.┬ám. [32m    LOG[39m [38;5;3m[CacheService] [39m[32mREDIS_URL no configurado. Usando cach├® en memoria.[39m
[32m[Nest] 15232  - [39m03/05/2026, 11:25:46 a.┬ám. [32m    LOG[39m [38;5;3m[GeocodingService] [39m[32mMapbox call | company: co-1 | address: m?!!$[39m
[32m[Nest] 15232  - [39m03/05/2026, 11:25:46 a.┬ám. [32m    LOG[39m [38;5;3m[CacheService] [39m[32mREDIS_URL no configurado. Usando cach├® en memoria.[39m
[32m[Nest] 15232  - [39m03/05/2026, 11:25:46 a.┬ám. [32m    LOG[39m [38;5;3m[GeocodingService] [39m[32mMapbox call | company: co-1 | address: `h*uut_x[39m
[32m[Nest] 15232  - [39m03/05/2026, 11:25:46 a.┬ám. [32m    LOG[39m [38;5;3m[CacheService] [39m[32mREDIS_URL no configurado. Usando cach├® en memoria.[39m
[32m[Nest] 15232  - [39m03/05/2026, 11:25:46 a.┬ám. [32m    LOG[39m [38;5;3m[GeocodingService] [39m[32mMapbox call | company: co-1 | address: up]n%1*tkpz[39m
[32m[Nest] 15232  - [39m03/05/2026, 11:25:46 a.┬ám. [32m    LOG[39m [38;5;3m[CacheService] [39m[32mREDIS_URL no configurado. Usando cach├® en memoria.[39m
[32m[Nest] 15232  - [39m03/05/2026, 11:25:46 a.┬ám. [32m    LOG[39m [38;5;3m[GeocodingService] [39m[32mMapbox call | company: co-1 | address: u[39m
[32m[Nest] 15232  - [39m03/05/2026, 11:25:46 a.┬ám. [32m    LOG[39m [38;5;3m[CacheService] [39m[32mREDIS_URL no configurado. Usando cach├® en memoria.[39m
[32m[Nest] 15232  - [39m03/05/2026, 11:25:46 a.┬ám. [32m    LOG[39m [38;5;3m[GeocodingService] [39m[32mMapbox call | company: co-1 | address: :ngcsgwf[b"m[39m
[32m[Nest] 15232  - [39m03/05/2026, 11:25:46 a.┬ám. [32m    LOG[39m [38;5;3m[CacheService] [39m[32mREDIS_URL no configurado. Usando cach├® en memoria.[39m
[32m[Nest] 15232  - [39m03/05/2026, 11:25:46 a.┬ám. [32m    LOG[39m [38;5;3m[GeocodingService] [39m[32mMapbox call | company: co-1 | address: xret[39m
[32m[Nest] 15232  - [39m03/05/2026, 11:25:46 a.┬ám. [32m    LOG[39m [38;5;3m[CacheService] [39m[32mREDIS_URL no configurado. Usando cach├® en memoria.[39m
[32m[Nest] 15232  - [39m03/05/2026, 11:25:46 a.┬ám. [32m    LOG[39m [38;5;3m[GeocodingService] [39m[32mMapbox call | company: co-1 | address: )}x[39m
[32m[Nest] 15232  - [39m03/05/2026, 11:25:46 a.┬ám. [32m    LOG[39m [38;5;3m[CacheService] [39m[32mREDIS_URL no configurado. Usando cach├® en memoria.[39m
[32m[Nest] 15232  - [39m03/05/2026, 11:25:46 a.┬ám. [32m    LOG[39m [38;5;3m[GeocodingService] [39m[32mMapbox call | company: co-1 | address: ref[39m
[32m[Nest] 15232  - [39m03/05/2026, 11:25:46 a.┬ám. [32m    LOG[39m [38;5;3m[CacheService] [39m[32mREDIS_URL no configurado. Usando cach├® en memoria.[39m
[32m[Nest] 15232  - [39m03/05/2026, 11:25:46 a.┬ám. [32m    LOG[39m [38;5;3m[GeocodingService] [39m[32mMapbox call | company: co-1 | address: rhu[39m
[32m[Nest] 15232  - [39m03/05/2026, 11:25:46 a.┬ám. [32m    LOG[39m [38;5;3m[CacheService] [39m[32mREDIS_URL no configurado. Usando cach├® en memoria.[39m
[32m[Nest] 15232  - [39m03/05/2026, 11:25:46 a.┬ám. [32m    LOG[39m [38;5;3m[GeocodingService] [39m[32mMapbox call | company: co-1 | address: zfqwvgi=c&[39m
[32m[Nest] 15232  - [39m03/05/2026, 11:25:46 a.┬ám. [32m    LOG[39m [38;5;3m[CacheService] [39m[32mREDIS_URL no configurado. Usando cach├® en memoria.[39m
[32m[Nest] 15232  - [39m03/05/2026, 11:25:46 a.┬ám. [32m    LOG[39m [38;5;3m[GeocodingService] [39m[32mMapbox call | company: co-1 | address: yp[\.:c01+:[39m
[32m[Nest] 15232  - [39m03/05/2026, 11:25:46 a.┬ám. [32m    LOG[39m [38;5;3m[CacheService] [39m[32mREDIS_URL no configurado. Usando cach├® en memoria.[39m
[32m[Nest] 15232  - [39m03/05/2026, 11:25:46 a.┬ám. [32m    LOG[39m [38;5;3m[GeocodingService] [39m[32mMapbox call | company: co-1 | address: m2 $py4~[39m
[32m[Nest] 15232  - [39m03/05/2026, 11:25:46 a.┬ám. [32m    LOG[39m [38;5;3m[CacheService] [39m[32mREDIS_URL no configurado. Usando cach├® en memoria.[39m
[32m[Nest] 15232  - [39m03/05/2026, 11:25:46 a.┬ám. [32m    LOG[39m [38;5;3m[GeocodingService] [39m[32mMapbox call | company: co-1 | address: b[39m
[32m[Nest] 15232  - [39m03/05/2026, 11:25:46 a.┬ám. [32m    LOG[39m [38;5;3m[CacheService] [39m[32mREDIS_URL no configurado. Usando cach├® en memoria.[39m
[32m[Nest] 15232  - [39m03/05/2026, 11:25:46 a.┬ám. [32m    LOG[39m [38;5;3m[GeocodingService] [39m[32mMapbox call | company: co-1 | address: o[&[39m
[32m[Nest] 15232  - [39m03/05/2026, 11:25:46 a.┬ám. [32m    LOG[39m [38;5;3m[CacheService] [39m[32mREDIS_URL no configurado. Usando cach├® en memoria.[39m
[32m[Nest] 15232  - [39m03/05/2026, 11:25:46 a.┬ám. [32m    LOG[39m [38;5;3m[GeocodingService] [39m[32mMapbox call | company: co-1 | address: i#r[[39m
[32m[Nest] 15232  - [39m03/05/2026, 11:25:46 a.┬ám. [32m    LOG[39m [38;5;3m[CacheService] [39m[32mREDIS_URL no configurado. Usando cach├® en memoria.[39m
[32m[Nest] 15232  - [39m03/05/2026, 11:25:46 a.┬ám. [32m    LOG[39m [38;5;3m[GeocodingService] [39m[32mMapbox call | company: co-1 | address: fum#pxpj[39m
[32m[Nest] 15232  - [39m03/05/2026, 11:25:46 a.┬ám. [32m    LOG[39m [38;5;3m[CacheService] [39m[32mREDIS_URL no configurado. Usando cach├® en memoria.[39m
[32m[Nest] 15232  - [39m03/05/2026, 11:25:46 a.┬ám. [32m    LOG[39m [38;5;3m[GeocodingService] [39m[32mMapbox call | company: co-1 | address: `k,b@ihvb_sj[39m
[32m[Nest] 15232  - [39m03/05/2026, 11:25:46 a.┬ám. [32m    LOG[39m [38;5;3m[CacheService] [39m[32mREDIS_URL no configurado. Usando cach├® en memoria.[39m
[32m[Nest] 15232  - [39m03/05/2026, 11:25:46 a.┬ám. [32m    LOG[39m [38;5;3m[GeocodingService] [39m[32mMapbox call | company: co-1 | address: 4u`[39m
[32m[Nest] 15232  - [39m03/05/2026, 11:25:46 a.┬ám. [32m    LOG[39m [38;5;3m[CacheService] [39m[32mREDIS_URL no configurado. Usando cach├® en memoria.[39m
[32m[Nest] 15232  - [39m03/05/2026, 11:25:46 a.┬ám. [32m    LOG[39m [38;5;3m[GeocodingService] [39m[32mMapbox call | company: co-1 | address: ;@y]b~zq[39m
[32m[Nest] 15232  - [39m03/05/2026, 11:25:46 a.┬ám. [32m    LOG[39m [38;5;3m[CacheService] [39m[32mREDIS_URL no configurado. Usando cach├® en memoria.[39m
[32m[Nest] 15232  - [39m03/05/2026, 11:25:46 a.┬ám. [32m    LOG[39m [38;5;3m[GeocodingService] [39m[32mMapbox call | company: co-1 | address: kyoqb$k[39m
[32m[Nest] 15232  - [39m03/05/2026, 11:25:46 a.┬ám. [32m    LOG[39m [38;5;3m[CacheService] [39m[32mREDIS_URL no configurado. Usando cach├® en memoria.[39m
[32m[Nest] 15232  - [39m03/05/2026, 11:25:46 a.┬ám. [32m    LOG[39m [38;5;3m[GeocodingService] [39m[32mMapbox call | company: co-1 | address: z8y*[39m
[32m[Nest] 15232  - [39m03/05/2026, 11:25:46 a.┬ám. [32m    LOG[39m [38;5;3m[CacheService] [39m[32mREDIS_URL no configurado. Usando cach├® en memoria.[39m
[32m[Nest] 15232  - [39m03/05/2026, 11:25:46 a.┬ám. [32m    LOG[39m [38;5;3m[GeocodingService] [39m[32mMapbox call | company: co-1 | address: >uftgh-z{k[39m
[32m[Nest] 15232  - [39m03/05/2026, 11:25:46 a.┬ám. [32m    LOG[39m [38;5;3m[CacheService] [39m[32mREDIS_URL no configurado. Usando cach├® en memoria.[39m
[32m[Nest] 15232  - [39m03/05/2026, 11:25:46 a.┬ám. [32m    LOG[39m [38;5;3m[GeocodingService] [39m[32mMapbox call | company: co-1 | address: ><;1[39m
[32m[Nest] 15232  - [39m03/05/2026, 11:25:46 a.┬ám. [32m    LOG[39m [38;5;3m[CacheService] [39m[32mREDIS_URL no configurado. Usando cach├® en memoria.[39m
[32m[Nest] 15232  - [39m03/05/2026, 11:25:46 a.┬ám. [32m    LOG[39m [38;5;3m[GeocodingService] [39m[32mMapbox call | company: co-1 | address: w`jbgd&pm[39m
[32m[Nest] 15232  - [39m03/05/2026, 11:25:46 a.┬ám. [32m    LOG[39m [38;5;3m[CacheService] [39m[32mREDIS_URL no configurado. Usando cach├® en memoria.[39m
[32m[Nest] 15232  - [39m03/05/2026, 11:25:46 a.┬ám. [32m    LOG[39m [38;5;3m[GeocodingService] [39m[32mMapbox call | company: co-1 | address: ,v!n.x%[39m
[32m[Nest] 15232  - [39m03/05/2026, 11:25:46 a.┬ám. [32m    LOG[39m [38;5;3m[CacheService] [39m[32mREDIS_URL no configurado. Usando cach├® en memoria.[39m
[32m[Nest] 15232  - [39m03/05/2026, 11:25:46 a.┬ám. [32m    LOG[39m [38;5;3m[GeocodingService] [39m[32mMapbox call | company: co-1 | address: z>ua6-qv[39m
[32m[Nest] 15232  - [39m03/05/2026, 11:25:46 a.┬ám. [32m    LOG[39m [38;5;3m[CacheService] [39m[32mREDIS_URL no configurado. Usando cach├® en memoria.[39m
[32m[Nest] 15232  - [39m03/05/2026, 11:25:46 a.┬ám. [32m    LOG[39m [38;5;3m[GeocodingService] [39m[32mMapbox call | company: co-1 | address: m%1ar#3) u0[39m
[32m[Nest] 15232  - [39m03/05/2026, 11:25:46 a.┬ám. [32m    LOG[39m [38;5;3m[CacheService] [39m[32mREDIS_URL no configurado. Usando cach├® en memoria.[39m
[32m[Nest] 15232  - [39m03/05/2026, 11:25:46 a.┬ám. [32m    LOG[39m [38;5;3m[GeocodingService] [39m[32mMapbox call | company: co-1 | address: w)[39m
[32m[Nest] 15232  - [39m03/05/2026, 11:25:46 a.┬ám. [32m    LOG[39m [38;5;3m[CacheService] [39m[32mREDIS_URL no configurado. Usando cach├® en memoria.[39m
[32m[Nest] 15232  - [39m03/05/2026, 11:25:46 a.┬ám. [32m    LOG[39m [38;5;3m[GeocodingService] [39m[32mMapbox call | company: co-1 | address: p)2[39m
[32m[Nest] 15232  - [39m03/05/2026, 11:25:46 a.┬ám. [32m    LOG[39m [38;5;3m[CacheService] [39m[32mREDIS_URL no configurado. Usando cach├® en memoria.[39m
[32m[Nest] 15232  - [39m03/05/2026, 11:25:46 a.┬ám. [32m    LOG[39m [38;5;3m[GeocodingService] [39m[32mMapbox call | company: co-1 | address: )^(u[39m
[32m[Nest] 15232  - [39m03/05/2026, 11:25:46 a.┬ám. [32m    LOG[39m [38;5;3m[CacheService] [39m[32mREDIS_URL no configurado. Usando cach├® en memoria.[39m
[32m[Nest] 15232  - [39m03/05/2026, 11:25:46 a.┬ám. [32m    LOG[39m [38;5;3m[GeocodingService] [39m[32mMapbox call | company: co-1 | address: s[39m
[32m[Nest] 15232  - [39m03/05/2026, 11:25:46 a.┬ám. [32m    LOG[39m [38;5;3m[CacheService] [39m[32mREDIS_URL no configurado. Usando cach├® en memoria.[39m
[32m[Nest] 15232  - [39m03/05/2026, 11:25:46 a.┬ám. [32m    LOG[39m [38;5;3m[GeocodingService] [39m[32mMapbox call | company: co-1 | address: da%z{>qd[39m
[32m[Nest] 15232  - [39m03/05/2026, 11:25:46 a.┬ám. [32m    LOG[39m [38;5;3m[CacheService] [39m[32mREDIS_URL no configurado. Usando cach├® en memoria.[39m
[32m[Nest] 15232  - [39m03/05/2026, 11:25:46 a.┬ám. [32m    LOG[39m [38;5;3m[GeocodingService] [39m[32mMapbox call | company: co-1 | address: `[39m
[32m[Nest] 15232  - [39m03/05/2026, 11:25:46 a.┬ám. [32m    LOG[39m [38;5;3m[CacheService] [39m[32mREDIS_URL no configurado. Usando cach├® en memoria.[39m
[32m[Nest] 15232  - [39m03/05/2026, 11:25:46 a.┬ám. [32m    LOG[39m [38;5;3m[GeocodingService] [39m[32mMapbox call | company: co-1 | address: p+jb[39m
[32m[Nest] 15232  - [39m03/05/2026, 11:25:46 a.┬ám. [32m    LOG[39m [38;5;3m[CacheService] [39m[32mREDIS_URL no configurado. Usando cach├® en memoria.[39m
[32m[Nest] 15232  - [39m03/05/2026, 11:25:46 a.┬ám. [32m    LOG[39m [38;5;3m[GeocodingService] [39m[32mMapbox call | company: co-1 | address: 3;s&rh40$2[39m
[32m[Nest] 15232  - [39m03/05/2026, 11:25:46 a.┬ám. [32m    LOG[39m [38;5;3m[CacheService] [39m[32mREDIS_URL no configurado. Usando cach├® en memoria.[39m
[32m[Nest] 15232  - [39m03/05/2026, 11:25:46 a.┬ám. [32m    LOG[39m [38;5;3m[GeocodingService] [39m[32mMapbox call | company: co-1 | address: _~<[39m
[32m[Nest] 15232  - [39m03/05/2026, 11:25:46 a.┬ám. [32m    LOG[39m [38;5;3m[CacheService] [39m[32mREDIS_URL no configurado. Usando cach├® en memoria.[39m
[32m[Nest] 15232  - [39m03/05/2026, 11:25:46 a.┬ám. [32m    LOG[39m [38;5;3m[GeocodingService] [39m[32mMapbox call | company: co-1 | address: nx({[39m
[32m[Nest] 15232  - [39m03/05/2026, 11:25:46 a.┬ám. [32m    LOG[39m [38;5;3m[CacheService] [39m[32mREDIS_URL no configurado. Usando cach├® en memoria.[39m
[32m[Nest] 15232  - [39m03/05/2026, 11:25:46 a.┬ám. [32m    LOG[39m [38;5;3m[GeocodingService] [39m[32mMapbox call | company: co-1 | address: xk[39m
[32m[Nest] 15232  - [39m03/05/2026, 11:25:46 a.┬ám. [32m    LOG[39m [38;5;3m[CacheService] [39m[32mREDIS_URL no configurado. Usando cach├® en memoria.[39m
[32m[Nest] 15232  - [39m03/05/2026, 11:25:46 a.┬ám. [32m    LOG[39m [38;5;3m[GeocodingService] [39m[32mMapbox call | company: co-1 | address: ~w[39m
[32m[Nest] 15232  - [39m03/05/2026, 11:25:46 a.┬ám. [32m    LOG[39m [38;5;3m[CacheService] [39m[32mREDIS_URL no configurado. Usando cach├® en memoria.[39m
[32m[Nest] 15232  - [39m03/05/2026, 11:25:46 a.┬ám. [32m    LOG[39m [38;5;3m[GeocodingService] [39m[32mMapbox call | company: co-1 | address: .'lup9-#nr3[39m
[32m[Nest] 15232  - [39m03/05/2026, 11:25:46 a.┬ám. [32m    LOG[39m [38;5;3m[CacheService] [39m[32mREDIS_URL no configurado. Usando cach├® en memoria.[39m
[32m[Nest] 15232  - [39m03/05/2026, 11:25:46 a.┬ám. [32m    LOG[39m [38;5;3m[GeocodingService] [39m[32mMapbox call | company: co-1 | address: &}keyplnhaso[39m
[32m[Nest] 15232  - [39m03/05/2026, 11:25:46 a.┬ám. [32m    LOG[39m [38;5;3m[CacheService] [39m[32mREDIS_URL no configurado. Usando cach├® en memoria.[39m
[32m[Nest] 15232  - [39m03/05/2026, 11:25:46 a.┬ám. [32m    LOG[39m [38;5;3m[GeocodingService] [39m[32mMapbox call | company: co-1 | address: /[39m
[32m[Nest] 15232  - [39m03/05/2026, 11:25:46 a.┬ám. [32m    LOG[39m [38;5;3m[CacheService] [39m[32mREDIS_URL no configurado. Usando cach├® en memoria.[39m
[32m[Nest] 15232  - [39m03/05/2026, 11:25:46 a.┬ám. [32m    LOG[39m [38;5;3m[GeocodingService] [39m[32mMapbox call | company: co-1 | address: tost[39m
[32m[Nest] 15232  - [39m03/05/2026, 11:25:46 a.┬ám. [32m    LOG[39m [38;5;3m[CacheService] [39m[32mREDIS_URL no configurado. Usando cach├® en memoria.[39m
[32m[Nest] 15232  - [39m03/05/2026, 11:25:46 a.┬ám. [32m    LOG[39m [38;5;3m[GeocodingService] [39m[32mMapbox call | company: co-1 | address: 0qgte8[39m
[32m[Nest] 15232  - [39m03/05/2026, 11:25:46 a.┬ám. [32m    LOG[39m [38;5;3m[CacheService] [39m[32mREDIS_URL no configurado. Usando cach├® en memoria.[39m
[32m[Nest] 15232  - [39m03/05/2026, 11:25:46 a.┬ám. [32m    LOG[39m [38;5;3m[GeocodingService] [39m[32mMapbox call | company: co-1 | address: _jo<t82s<a#a[39m
[32m[Nest] 15232  - [39m03/05/2026, 11:25:46 a.┬ám. [32m    LOG[39m [38;5;3m[CacheService] [39m[32mREDIS_URL no configurado. Usando cach├® en memoria.[39m
[32m[Nest] 15232  - [39m03/05/2026, 11:25:46 a.┬ám. [32m    LOG[39m [38;5;3m[GeocodingService] [39m[32mMapbox call | company: co-1 | address: 3^:rxjsv0*[39m
[32m[Nest] 15232  - [39m03/05/2026, 11:25:46 a.┬ám. [32m    LOG[39m [38;5;3m[CacheService] [39m[32mREDIS_URL no configurado. Usando cach├® en memoria.[39m
[32m[Nest] 15232  - [39m03/05/2026, 11:25:46 a.┬ám. [32m    LOG[39m [38;5;3m[GeocodingService] [39m[32mMapbox call | company: co-1 | address: m[39m
[32m[Nest] 15232  - [39m03/05/2026, 11:25:46 a.┬ám. [32m    LOG[39m [38;5;3m[CacheService] [39m[32mREDIS_URL no configurado. Usando cach├® en memoria.[39m
[32m[Nest] 15232  - [39m03/05/2026, 11:25:46 a.┬ám. [32m    LOG[39m [38;5;3m[GeocodingService] [39m[32mMapbox call | company: co-1 | address: .#=[39m
[32m[Nest] 15232  - [39m03/05/2026, 11:25:46 a.┬ám. [32m    LOG[39m [38;5;3m[CacheService] [39m[32mREDIS_URL no configurado. Usando cach├® en memoria.[39m
[32m[Nest] 15232  - [39m03/05/2026, 11:25:46 a.┬ám. [32m    LOG[39m [38;5;3m[GeocodingService] [39m[32mMapbox call | company: co-1 | address: $[39m
[32m[Nest] 15232  - [39m03/05/2026, 11:25:46 a.┬ám. [32m    LOG[39m [38;5;3m[CacheService] [39m[32mREDIS_URL no configurado. Usando cach├® en memoria.[39m
[32m[Nest] 15232  - [39m03/05/2026, 11:25:46 a.┬ám. [32m    LOG[39m [38;5;3m[GeocodingService] [39m[32mMapbox call | company: co-1 | address: tolo[39m
[32m[Nest] 15232  - [39m03/05/2026, 11:25:46 a.┬ám. [32m    LOG[39m [38;5;3m[CacheService] [39m[32mREDIS_URL no configurado. Usando cach├® en memoria.[39m
[32m[Nest] 15232  - [39m03/05/2026, 11:25:46 a.┬ám. [32m    LOG[39m [38;5;3m[GeocodingService] [39m[32mMapbox call | company: co-1 | address: [k})|btk{%[39m
[32m[Nest] 15232  - [39m03/05/2026, 11:25:46 a.┬ám. [32m    LOG[39m [38;5;3m[CacheService] [39m[32mREDIS_URL no configurado. Usando cach├® en memoria.[39m
[32m[Nest] 15232  - [39m03/05/2026, 11:25:46 a.┬ám. [32m    LOG[39m [38;5;3m[GeocodingService] [39m[32mMapbox call | company: co-1 | address: #@>v[39m
[32m[Nest] 15232  - [39m03/05/2026, 11:25:46 a.┬ám. [32m    LOG[39m [38;5;3m[CacheService] [39m[32mREDIS_URL no configurado. Usando cach├® en memoria.[39m
[32m[Nest] 15232  - [39m03/05/2026, 11:25:46 a.┬ám. [32m    LOG[39m [38;5;3m[GeocodingService] [39m[32mMapbox call | company: co-1 | address: en;liuqk\/\[39m
[32m[Nest] 15232  - [39m03/05/2026, 11:25:46 a.┬ám. [32m    LOG[39m [38;5;3m[CacheService] [39m[32mREDIS_URL no configurado. Usando cach├® en memoria.[39m
[32m[Nest] 15232  - [39m03/05/2026, 11:25:46 a.┬ám. [32m    LOG[39m [38;5;3m[GeocodingService] [39m[32mMapbox call | company: co-1 | address: p[39m
[32m[Nest] 15232  - [39m03/05/2026, 11:25:46 a.┬ám. [32m    LOG[39m [38;5;3m[CacheService] [39m[32mREDIS_URL no configurado. Usando cach├® en memoria.[39m
[32m[Nest] 15232  - [39m03/05/2026, 11:25:46 a.┬ám. [32m    LOG[39m [38;5;3m[GeocodingService] [39m[32mMapbox call | company: co-1 | address: -k-d'ji|[39m
[32m[Nest] 15232  - [39m03/05/2026, 11:25:46 a.┬ám. [32m    LOG[39m [38;5;3m[CacheService] [39m[32mREDIS_URL no configurado. Usando cach├® en memoria.[39m
[32m[Nest] 15232  - [39m03/05/2026, 11:25:46 a.┬ám. [32m    LOG[39m [38;5;3m[GeocodingService] [39m[32mMapbox call | company: co-1 | address: 7d=c<ncg[39m
[32m[Nest] 15232  - [39m03/05/2026, 11:25:46 a.┬ám. [32m    LOG[39m [38;5;3m[CacheService] [39m[32mREDIS_URL no configurado. Usando cach├® en memoria.[39m
[32m[Nest] 15232  - [39m03/05/2026, 11:25:46 a.┬ám. [32m    LOG[39m [38;5;3m[GeocodingService] [39m[32mMapbox call | company: co-1 | address: call[39m
[32m[Nest] 15232  - [39m03/05/2026, 11:25:46 a.┬ám. [32m    LOG[39m [38;5;3m[CacheService] [39m[32mREDIS_URL no configurado. Usando cach├® en memoria.[39m
[32m[Nest] 15232  - [39m03/05/2026, 11:25:46 a.┬ám. [32m    LOG[39m [38;5;3m[GeocodingService] [39m[32mMapbox call | company: co-1 | address: z[39m
[32m[Nest] 15232  - [39m03/05/2026, 11:25:46 a.┬ám. [32m    LOG[39m [38;5;3m[CacheService] [39m[32mREDIS_URL no configurado. Usando cach├® en memoria.[39m
[32m[Nest] 15232  - [39m03/05/2026, 11:25:46 a.┬ám. [32m    LOG[39m [38;5;3m[GeocodingService] [39m[32mMapbox call | company: co-1 | address: zep$%4(_ndc*[39m
[32m[Nest] 15232  - [39m03/05/2026, 11:25:46 a.┬ám. [32m    LOG[39m [38;5;3m[CacheService] [39m[32mREDIS_URL no configurado. Usando cach├® en memoria.[39m
[32m[Nest] 15232  - [39m03/05/2026, 11:25:46 a.┬ám. [32m    LOG[39m [38;5;3m[GeocodingService] [39m[32mMapbox call | company: co-1 | address: cs<-srx9&?[39m
[32m[Nest] 15232  - [39m03/05/2026, 11:25:46 a.┬ám. [32m    LOG[39m [38;5;3m[CacheService] [39m[32mREDIS_URL no configurado. Usando cach├® en memoria.[39m
[32m[Nest] 15232  - [39m03/05/2026, 11:25:46 a.┬ám. [32m    LOG[39m [38;5;3m[GeocodingService] [39m[32mMapbox call | company: co-1 | address: pc\%2u[39m
[32m[Nest] 15232  - [39m03/05/2026, 11:25:46 a.┬ám. [32m    LOG[39m [38;5;3m[CacheService] [39m[32mREDIS_URL no configurado. Usando cach├® en memoria.[39m
[32m[Nest] 15232  - [39m03/05/2026, 11:25:46 a.┬ám. [32m    LOG[39m [38;5;3m[GeocodingService] [39m[32mMapbox call | company: co-1 | address: q[39m
[32m[Nest] 15232  - [39m03/05/2026, 11:25:46 a.┬ám. [32m    LOG[39m [38;5;3m[CacheService] [39m[32mREDIS_URL no configurado. Usando cach├® en memoria.[39m
[32m[Nest] 15232  - [39m03/05/2026, 11:25:46 a.┬ám. [32m    LOG[39m [38;5;3m[GeocodingService] [39m[32mMapbox call | company: co-1 | address: w[39m
[32m[Nest] 15232  - [39m03/05/2026, 11:25:46 a.┬ám. [32m    LOG[39m [38;5;3m[CacheService] [39m[32mREDIS_URL no configurado. Usando cach├® en memoria.[39m
[32m[Nest] 15232  - [39m03/05/2026, 11:25:46 a.┬ám. [32m    LOG[39m [38;5;3m[GeocodingService] [39m[32mMapbox call | company: co-1 | address: )e2$rhpl5/[39m
[32m[Nest] 15232  - [39m03/05/2026, 11:25:46 a.┬ám. [32m    LOG[39m [38;5;3m[CacheService] [39m[32mREDIS_URL no configurado. Usando cach├® en memoria.[39m
[32m[Nest] 15232  - [39m03/05/2026, 11:25:46 a.┬ám. [32m    LOG[39m [38;5;3m[GeocodingService] [39m[32mMapbox call | company: co-1 | address: hasownp[39m
[32m[Nest] 15232  - [39m03/05/2026, 11:25:46 a.┬ám. [32m    LOG[39m [38;5;3m[CacheService] [39m[32mREDIS_URL no configurado. Usando cach├® en memoria.[39m
[32m[Nest] 15232  - [39m03/05/2026, 11:25:46 a.┬ám. [32m    LOG[39m [38;5;3m[GeocodingService] [39m[32mMapbox call | company: co-1 | address: >[39m
[32m[Nest] 15232  - [39m03/05/2026, 11:25:46 a.┬ám. [32m    LOG[39m [38;5;3m[CacheService] [39m[32mREDIS_URL no configurado. Usando cach├® en memoria.[39m
[32m[Nest] 15232  - [39m03/05/2026, 11:25:46 a.┬ám. [32m    LOG[39m [38;5;3m[GeocodingService] [39m[32mMapbox call | company: co-1 | address: m11<}\%|[39m
[32m[Nest] 15232  - [39m03/05/2026, 11:25:46 a.┬ám. [32m    LOG[39m [38;5;3m[CacheService] [39m[32mREDIS_URL no configurado. Usando cach├® en memoria.[39m
[32m[Nest] 15232  - [39m03/05/2026, 11:25:46 a.┬ám. [32m    LOG[39m [38;5;3m[GeocodingService] [39m[32mMapbox call | company: co-1 | address: /,>ymo2[39m
[32m[Nest] 15232  - [39m03/05/2026, 11:25:46 a.┬ám. [32m    LOG[39m [38;5;3m[CacheService] [39m[32mREDIS_URL no configurado. Usando cach├® en memoria.[39m
[32m[Nest] 15232  - [39m03/05/2026, 11:25:46 a.┬ám. [32m    LOG[39m [38;5;3m[GeocodingService] [39m[32mMapbox call | company: co-1 | address: n~.*:y h[39m
[32m[Nest] 15232  - [39m03/05/2026, 11:25:46 a.┬ám. [32m    LOG[39m [38;5;3m[CacheService] [39m[32mREDIS_URL no configurado. Usando cach├® en memoria.[39m
[32m[Nest] 15232  - [39m03/05/2026, 11:25:46 a.┬ám. [32m    LOG[39m [38;5;3m[GeocodingService] [39m[32mMapbox call | company: co-1 | address: =>~" |[39m
[32m[Nest] 15232  - [39m03/05/2026, 11:25:46 a.┬ám. [32m    LOG[39m [38;5;3m[CacheService] [39m[32mREDIS_URL no configurado. Usando cach├® en memoria.[39m
[32m[Nest] 15232  - [39m03/05/2026, 11:25:46 a.┬ám. [32m    LOG[39m [38;5;3m[GeocodingService] [39m[32mMapbox call | company: co-1 | address: z#6=g1ggi[39m
[32m[Nest] 15232  - [39m03/05/2026, 11:25:46 a.┬ám. [32m    LOG[39m [38;5;3m[CacheService] [39m[32mREDIS_URL no configurado. Usando cach├® en memoria.[39m
[32m[Nest] 15232  - [39m03/05/2026, 11:25:46 a.┬ám. [32m    LOG[39m [38;5;3m[GeocodingService] [39m[32mMapbox call | company: co-1 | address: p#]07r8"d[39m
[32m[Nest] 15232  - [39m03/05/2026, 11:25:46 a.┬ám. [32m    LOG[39m [38;5;3m[CacheService] [39m[32mREDIS_URL no configurado. Usando cach├® en memoria.[39m
[32m[Nest] 15232  - [39m03/05/2026, 11:25:46 a.┬ám. [32m    LOG[39m [38;5;3m[GeocodingService] [39m[32mMapbox call | company: co-1 | address: m8e[39m
[32m[Nest] 15232  - [39m03/05/2026, 11:25:46 a.┬ám. [32m    LOG[39m [38;5;3m[CacheService] [39m[32mREDIS_URL no configurado. Usando cach├® en memoria.[39m
[32m[Nest] 15232  - [39m03/05/2026, 11:25:46 a.┬ám. [32m    LOG[39m [38;5;3m[GeocodingService] [39m[32mMapbox call | company: co-1 | address: p|$\hjv[39m
[32m[Nest] 15232  - [39m03/05/2026, 11:25:46 a.┬ám. [32m    LOG[39m [38;5;3m[CacheService] [39m[32mREDIS_URL no configurado. Usando cach├® en memoria.[39m
[32m[Nest] 15232  - [39m03/05/2026, 11:25:46 a.┬ám. [32m    LOG[39m [38;5;3m[GeocodingService] [39m[32mMapbox call | company: co-1 | address: l_+l~g xla[39m
[32m[Nest] 15232  - [39m03/05/2026, 11:25:46 a.┬ám. [32m    LOG[39m [38;5;3m[CacheService] [39m[32mREDIS_URL no configurado. Usando cach├® en memoria.[39m
[32m[Nest] 15232  - [39m03/05/2026, 11:25:46 a.┬ám. [32m    LOG[39m [38;5;3m[GeocodingService] [39m[32mMapbox call | company: co-1 | address: :h{s"wug[39m
[32m[Nest] 15232  - [39m03/05/2026, 11:25:46 a.┬ám. [32m    LOG[39m [38;5;3m[CacheService] [39m[32mREDIS_URL no configurado. Usando cach├® en memoria.[39m
[32m[Nest] 15232  - [39m03/05/2026, 11:25:46 a.┬ám. [32m    LOG[39m [38;5;3m[GeocodingService] [39m[32mMapbox call | company: co-1 | address: constructor[39m
[32m[Nest] 15232  - [39m03/05/2026, 11:25:46 a.┬ám. [32m    LOG[39m [38;5;3m[CacheService] [39m[32mREDIS_URL no configurado. Usando cach├® en memoria.[39m
[32m[Nest] 15232  - [39m03/05/2026, 11:25:46 a.┬ám. [32m    LOG[39m [38;5;3m[GeocodingService] [39m[32mMapbox call | company: co-1 | address: xkw/hl4[39m
[32m[Nest] 15232  - [39m03/05/2026, 11:25:46 a.┬ám. [32m    LOG[39m [38;5;3m[CacheService] [39m[32mREDIS_URL no configurado. Usando cach├® en memoria.[39m
[32m[Nest] 15232  - [39m03/05/2026, 11:25:46 a.┬ám. [32m    LOG[39m [38;5;3m[GeocodingService] [39m[32mMapbox call | company: co-1 | address: kav"oj9*5ho/[39m
[32m[Nest] 15232  - [39m03/05/2026, 11:25:46 a.┬ám. [32m    LOG[39m [38;5;3m[CacheService] [39m[32mREDIS_URL no configurado. Usando cach├® en memoria.[39m
[32m[Nest] 15232  - [39m03/05/2026, 11:25:46 a.┬ám. [32m    LOG[39m [38;5;3m[GeocodingService] [39m[32mMapbox call | company: co-1 | address: ]v[39m
[32m[Nest] 15232  - [39m03/05/2026, 11:25:46 a.┬ám. [32m    LOG[39m [38;5;3m[CacheService] [39m[32mREDIS_URL no configurado. Usando cach├® en memoria.[39m
[32m[Nest] 15232  - [39m03/05/2026, 11:25:46 a.┬ám. [32m    LOG[39m [38;5;3m[GeocodingService] [39m[32mMapbox call | company: co-1 | address: !i#?tref^x#[39m
[32m[Nest] 15232  - [39m03/05/2026, 11:25:46 a.┬ám. [32m    LOG[39m [38;5;3m[CacheService] [39m[32mREDIS_URL no configurado. Usando cach├® en memoria.[39m
[32m[Nest] 15232  - [39m03/05/2026, 11:25:46 a.┬ám. [32m    LOG[39m [38;5;3m[GeocodingService] [39m[32mMapbox call | company: co-1 | address: gwz[39m
[32m[Nest] 15232  - [39m03/05/2026, 11:25:46 a.┬ám. [32m    LOG[39m [38;5;3m[CacheService] [39m[32mREDIS_URL no configurado. Usando cach├® en memoria.[39m
[32m[Nest] 15232  - [39m03/05/2026, 11:25:46 a.┬ám. [32m    LOG[39m [38;5;3m[GeocodingService] [39m[32mMapbox call | company: co-1 | address: '}|]2jvr[39m
[32m[Nest] 15232  - [39m03/05/2026, 11:25:46 a.┬ám. [32m    LOG[39m [38;5;3m[CacheService] [39m[32mREDIS_URL no configurado. Usando cach├® en memoria.[39m
[32m[Nest] 15232  - [39m03/05/2026, 11:25:46 a.┬ám. [32m    LOG[39m [38;5;3m[GeocodingService] [39m[32mMapbox call | company: co-1 | address: &m[39m
[32m[Nest] 15232  - [39m03/05/2026, 11:25:46 a.┬ám. [32m    LOG[39m [38;5;3m[CacheService] [39m[32mREDIS_URL no configurado. Usando cach├® en memoria.[39m
[32m[Nest] 15232  - [39m03/05/2026, 11:25:46 a.┬ám. [32m    LOG[39m [38;5;3m[GeocodingService] [39m[32mMapbox call | company: co-1 | address: a0 wxyj0 ]-[39m
[32m[Nest] 15232  - [39m03/05/2026, 11:25:46 a.┬ám. [32m    LOG[39m [38;5;3m[CacheService] [39m[32mREDIS_URL no configurado. Usando cach├® en memoria.[39m
[32m[Nest] 15232  - [39m03/05/2026, 11:25:46 a.┬ám. [32m    LOG[39m [38;5;3m[GeocodingService] [39m[32mMapbox call | company: co-1 | address: h*)z.$.!wz2[39m
[32m[Nest] 15232  - [39m03/05/2026, 11:25:46 a.┬ám. [32m    LOG[39m [38;5;3m[CacheService] [39m[32mREDIS_URL no configurado. Usando cach├® en memoria.[39m
[32m[Nest] 15232  - [39m03/05/2026, 11:25:46 a.┬ám. [32m    LOG[39m [38;5;3m[GeocodingService] [39m[32mMapbox call | company: co-1 | address: %$%twy!!how|[39m
[32m[Nest] 15232  - [39m03/05/2026, 11:25:46 a.┬ám. [32m    LOG[39m [38;5;3m[CacheService] [39m[32mREDIS_URL no configurado. Usando cach├® en memoria.[39m
[32m[Nest] 15232  - [39m03/05/2026, 11:25:46 a.┬ám. [32m    LOG[39m [38;5;3m[GeocodingService] [39m[32mMapbox call | company: co-1 | address: xg}{<}w[39m
[32m[Nest] 15232  - [39m03/05/2026, 11:25:46 a.┬ám. [32m    LOG[39m [38;5;3m[CacheService] [39m[32mREDIS_URL no configurado. Usando cach├® en memoria.[39m
[32m[Nest] 15232  - [39m03/05/2026, 11:25:46 a.┬ám. [32m    LOG[39m [38;5;3m[GeocodingService] [39m[32mMapbox call | company: co-1 | address: !c[39m
[32m[Nest] 15232  - [39m03/05/2026, 11:25:46 a.┬ám. [32m    LOG[39m [38;5;3m[CacheService] [39m[32mREDIS_URL no configurado. Usando cach├® en memoria.[39m
[32m[Nest] 15232  - [39m03/05/2026, 11:25:46 a.┬ám. [32m    LOG[39m [38;5;3m[GeocodingService] [39m[32mMapbox call | company: co-1 | address: tufpc7hnk[39m
[32m[Nest] 15232  - [39m03/05/2026, 11:25:46 a.┬ám. [32m    LOG[39m [38;5;3m[CacheService] [39m[32mREDIS_URL no configurado. Usando cach├® en memoria.[39m
[32m[Nest] 15232  - [39m03/05/2026, 11:25:46 a.┬ám. [32m    LOG[39m [38;5;3m[GeocodingService] [39m[32mMapbox call | company: co-1 | address: ~"@kbrsz[39m
[32m[Nest] 15232  - [39m03/05/2026, 11:25:46 a.┬ám. [32m    LOG[39m [38;5;3m[CacheService] [39m[32mREDIS_URL no configurado. Usando cach├® en memoria.[39m
[32m[Nest] 15232  - [39m03/05/2026, 11:25:46 a.┬ám. [32m    LOG[39m [38;5;3m[GeocodingService] [39m[32mMapbox call | company: co-1 | address: -jf]pd9^[39m
[32m[Nest] 15232  - [39m03/05/2026, 11:25:46 a.┬ám. [32m    LOG[39m [38;5;3m[CacheService] [39m[32mREDIS_URL no configurado. Usando cach├® en memoria.[39m
[32m[Nest] 15232  - [39m03/05/2026, 11:25:46 a.┬ám. [32m    LOG[39m [38;5;3m[GeocodingService] [39m[32mMapbox call | company: co-1 | address: =g[39m
[32m[Nest] 15232  - [39m03/05/2026, 11:25:46 a.┬ám. [32m    LOG[39m [38;5;3m[CacheService] [39m[32mREDIS_URL no configurado. Usando cach├® en memoria.[39m
[32m[Nest] 15232  - [39m03/05/2026, 11:25:46 a.┬ám. [32m    LOG[39m [38;5;3m[GeocodingService] [39m[32mMapbox call | company: co-1 | address: "y>t@>;(ef3y[39m
[32m[Nest] 15232  - [39m03/05/2026, 11:25:46 a.┬ám. [32m    LOG[39m [38;5;3m[CacheService] [39m[32mREDIS_URL no configurado. Usando cach├® en memoria.[39m
[32m[Nest] 15232  - [39m03/05/2026, 11:25:46 a.┬ám. [32m    LOG[39m [38;5;3m[GeocodingService] [39m[32mMapbox call | company: co-1 | address: >k#/if[39m
[32m[Nest] 15232  - [39m03/05/2026, 11:25:46 a.┬ám. [32m    LOG[39m [38;5;3m[CacheService] [39m[32mREDIS_URL no configurado. Usando cach├® en memoria.[39m
[32m[Nest] 15232  - [39m03/05/2026, 11:25:46 a.┬ám. [32m    LOG[39m [38;5;3m[GeocodingService] [39m[32mMapbox call | company: co-1 | address: ,5q$]vxz}$[39m
[32m[Nest] 15232  - [39m03/05/2026, 11:25:46 a.┬ám. [32m    LOG[39m [38;5;3m[CacheService] [39m[32mREDIS_URL no configurado. Usando cach├® en memoria.[39m
[32m[Nest] 15232  - [39m03/05/2026, 11:25:46 a.┬ám. [32m    LOG[39m [38;5;3m[GeocodingService] [39m[32mMapbox call | company: co-1 | address: k&>ln[39m
[32m[Nest] 15232  - [39m03/05/2026, 11:25:46 a.┬ám. [32m    LOG[39m [38;5;3m[CacheService] [39m[32mREDIS_URL no configurado. Usando cach├® en memoria.[39m
[32m[Nest] 15232  - [39m03/05/2026, 11:25:46 a.┬ám. [32m    LOG[39m [38;5;3m[GeocodingService] [39m[32mMapbox call | company: co-1 | address: fh#v[39m
[32m[Nest] 15232  - [39m03/05/2026, 11:25:46 a.┬ám. [32m    LOG[39m [38;5;3m[CacheService] [39m[32mREDIS_URL no configurado. Usando cach├® en memoria.[39m
[32m[Nest] 15232  - [39m03/05/2026, 11:25:46 a.┬ám. [32m    LOG[39m [38;5;3m[GeocodingService] [39m[32mMapbox call | company: co-1 | address: uhd{[39m
[32m[Nest] 15232  - [39m03/05/2026, 11:25:46 a.┬ám. [32m    LOG[39m [38;5;3m[CacheService] [39m[32mREDIS_URL no configurado. Usando cach├® en memoria.[39m
[32m[Nest] 15232  - [39m03/05/2026, 11:25:46 a.┬ám. [32m    LOG[39m [38;5;3m[GeocodingService] [39m[32mMapbox call | company: co-1 | address: (9>o[39m
[32m[Nest] 15232  - [39m03/05/2026, 11:25:46 a.┬ám. [32m    LOG[39m [38;5;3m[CacheService] [39m[32mREDIS_URL no configurado. Usando cach├® en memoria.[39m
[32m[Nest] 15232  - [39m03/05/2026, 11:25:46 a.┬ám. [32m    LOG[39m [38;5;3m[GeocodingService] [39m[32mMapbox call | company: co-1 | address: con[39m
[32m[Nest] 15232  - [39m03/05/2026, 11:25:46 a.┬ám. [32m    LOG[39m [38;5;3m[CacheService] [39m[32mREDIS_URL no configurado. Usando cach├® en memoria.[39m
[32m[Nest] 15232  - [39m03/05/2026, 11:25:46 a.┬ám. [32m    LOG[39m [38;5;3m[GeocodingService] [39m[32mMapbox call | company: co-1 | address: {}&[39m
[32m[Nest] 15232  - [39m03/05/2026, 11:25:46 a.┬ám. [32m    LOG[39m [38;5;3m[CacheService] [39m[32mREDIS_URL no configurado. Usando cach├® en memoria.[39m
[32m[Nest] 15232  - [39m03/05/2026, 11:25:46 a.┬ám. [32m    LOG[39m [38;5;3m[GeocodingService] [39m[32mMapbox call | company: co-1 | address: t+a%[39m
[32m[Nest] 15232  - [39m03/05/2026, 11:25:46 a.┬ám. [32m    LOG[39m [38;5;3m[CacheService] [39m[32mREDIS_URL no configurado. Usando cach├® en memoria.[39m
[32m[Nest] 15232  - [39m03/05/2026, 11:25:46 a.┬ám. [32m    LOG[39m [38;5;3m[GeocodingService] [39m[32mMapbox call | company: co-1 | address: c%s+wd\j[39m
[32m[Nest] 15232  - [39m03/05/2026, 11:25:46 a.┬ám. [32m    LOG[39m [38;5;3m[CacheService] [39m[32mREDIS_URL no configurado. Usando cach├® en memoria.[39m
[32m[Nest] 15232  - [39m03/05/2026, 11:25:46 a.┬ám. [32m    LOG[39m [38;5;3m[GeocodingService] [39m[32mMapbox call | company: co-1 | address: lhubv"9[39m
[32m[Nest] 15232  - [39m03/05/2026, 11:25:46 a.┬ám. [32m    LOG[39m [38;5;3m[CacheService] [39m[32mREDIS_URL no configurado. Usando cach├® en memoria.[39m
[32m[Nest] 15232  - [39m03/05/2026, 11:25:46 a.┬ám. [32m    LOG[39m [38;5;3m[GeocodingService] [39m[32mMapbox call | company: co-1 | address: e#d{- sg{#[39m
[32m[Nest] 15232  - [39m03/05/2026, 11:25:46 a.┬ám. [32m    LOG[39m [38;5;3m[CacheService] [39m[32mREDIS_URL no configurado. Usando cach├® en memoria.[39m
[32m[Nest] 15232  - [39m03/05/2026, 11:25:46 a.┬ám. [32m    LOG[39m [38;5;3m[GeocodingService] [39m[32mMapbox call | company: co-1 | address: ekcrb&nsy[39m
[32m[Nest] 15232  - [39m03/05/2026, 11:25:46 a.┬ám. [32m    LOG[39m [38;5;3m[CacheService] [39m[32mREDIS_URL no configurado. Usando cach├® en memoria.[39m
[32m[Nest] 15232  - [39m03/05/2026, 11:25:46 a.┬ám. [32m    LOG[39m [38;5;3m[GeocodingService] [39m[32mMapbox call | company: co-1 | address: p)7xz[39m
[32m[Nest] 15232  - [39m03/05/2026, 11:25:46 a.┬ám. [32m    LOG[39m [38;5;3m[CacheService] [39m[32mREDIS_URL no configurado. Usando cach├® en memoria.[39m
[32m[Nest] 15232  - [39m03/05/2026, 11:25:46 a.┬ám. [32m    LOG[39m [38;5;3m[GeocodingService] [39m[32mMapbox call | company: co-1 | address: k6oz09n[39m
[32m[Nest] 15232  - [39m03/05/2026, 11:25:46 a.┬ám. [32m    LOG[39m [38;5;3m[CacheService] [39m[32mREDIS_URL no configurado. Usando cach├® en memoria.[39m
[32m[Nest] 15232  - [39m03/05/2026, 11:25:46 a.┬ám. [32m    LOG[39m [38;5;3m[GeocodingService] [39m[32mMapbox call | company: co-1 | address: bjbz^b,=2ty[[39m
[32m[Nest] 15232  - [39m03/05/2026, 11:25:46 a.┬ám. [32m    LOG[39m [38;5;3m[CacheService] [39m[32mREDIS_URL no configurado. Usando cach├® en memoria.[39m
[32m[Nest] 15232  - [39m03/05/2026, 11:25:46 a.┬ám. [32m    LOG[39m [38;5;3m[GeocodingService] [39m[32mMapbox call | company: co-1 | address: o5rp{#^o{[39m
[32m[Nest] 15232  - [39m03/05/2026, 11:25:46 a.┬ám. [32m    LOG[39m [38;5;3m[CacheService] [39m[32mREDIS_URL no configurado. Usando cach├® en memoria.[39m
[32m[Nest] 15232  - [39m03/05/2026, 11:25:46 a.┬ám. [32m    LOG[39m [38;5;3m[GeocodingService] [39m[32mMapbox call | company: co-1 | address: 0na[39m
[32m[Nest] 15232  - [39m03/05/2026, 11:25:46 a.┬ám. [32m    LOG[39m [38;5;3m[CacheService] [39m[32mREDIS_URL no configurado. Usando cach├® en memoria.[39m
[32m[Nest] 15232  - [39m03/05/2026, 11:25:46 a.┬ám. [32m    LOG[39m [38;5;3m[GeocodingService] [39m[32mMapbox call | company: co-1 | address: "j_[39m
[32m[Nest] 15232  - [39m03/05/2026, 11:25:46 a.┬ám. [32m    LOG[39m [38;5;3m[CacheService] [39m[32mREDIS_URL no configurado. Usando cach├® en memoria.[39m
[32m[Nest] 15232  - [39m03/05/2026, 11:25:46 a.┬ám. [32m    LOG[39m [38;5;3m[GeocodingService] [39m[32mMapbox call | company: co-1 | address: qv<wz9$sg[39m
[32m[Nest] 15232  - [39m03/05/2026, 11:25:46 a.┬ám. [32m    LOG[39m [38;5;3m[CacheService] [39m[32mREDIS_URL no configurado. Usando cach├® en memoria.[39m
[32m[Nest] 15232  - [39m03/05/2026, 11:25:46 a.┬ám. [32m    LOG[39m [38;5;3m[GeocodingService] [39m[32mMapbox call | company: co-1 | address: 1^:r?tpb[39m
[32m[Nest] 15232  - [39m03/05/2026, 11:25:46 a.┬ám. [32m    LOG[39m [38;5;3m[CacheService] [39m[32mREDIS_URL no configurado. Usando cach├® en memoria.[39m
[32m[Nest] 15232  - [39m03/05/2026, 11:25:46 a.┬ám. [32m    LOG[39m [38;5;3m[GeocodingService] [39m[32mMapbox call | company: co-1 | address: 3cnx[39m
[32m[Nest] 15232  - [39m03/05/2026, 11:25:46 a.┬ám. [32m    LOG[39m [38;5;3m[CacheService] [39m[32mREDIS_URL no configurado. Usando cach├® en memoria.[39m
[32m[Nest] 15232  - [39m03/05/2026, 11:25:46 a.┬ám. [32m    LOG[39m [38;5;3m[GeocodingService] [39m[32mMapbox call | company: co-1 | address: ]gre{[39m
[32m[Nest] 15232  - [39m03/05/2026, 11:25:46 a.┬ám. [32m    LOG[39m [38;5;3m[CacheService] [39m[32mREDIS_URL no configurado. Usando cach├® en memoria.[39m
[32m[Nest] 15232  - [39m03/05/2026, 11:25:46 a.┬ám. [32m    LOG[39m [38;5;3m[GeocodingService] [39m[32mMapbox call | company: co-1 | address: {,[39m
[32m[Nest] 15232  - [39m03/05/2026, 11:25:46 a.┬ám. [32m    LOG[39m [38;5;3m[CacheService] [39m[32mREDIS_URL no configurado. Usando cach├® en memoria.[39m
[32m[Nest] 15232  - [39m03/05/2026, 11:25:46 a.┬ám. [32m    LOG[39m [38;5;3m[GeocodingService] [39m[32mMapbox call | company: co-1 | address: d;m\uqsprw;<[39m
[32m[Nest] 15232  - [39m03/05/2026, 11:25:46 a.┬ám. [32m    LOG[39m [38;5;3m[CacheService] [39m[32mREDIS_URL no configurado. Usando cach├® en memoria.[39m
[32m[Nest] 15232  - [39m03/05/2026, 11:25:46 a.┬ám. [32m    LOG[39m [38;5;3m[GeocodingService] [39m[32mMapbox call | company: co-1 | address: q'"9!)kf[39m
[32m[Nest] 15232  - [39m03/05/2026, 11:25:46 a.┬ám. [32m    LOG[39m [38;5;3m[CacheService] [39m[32mREDIS_URL no configurado. Usando cach├® en memoria.[39m
[32m[Nest] 15232  - [39m03/05/2026, 11:25:46 a.┬ám. [32m    LOG[39m [38;5;3m[GeocodingService] [39m[32mMapbox call | company: co-1 | address: c~0i\c6&[39m
[32m[Nest] 15232  - [39m03/05/2026, 11:25:46 a.┬ám. [32m    LOG[39m [38;5;3m[CacheService] [39m[32mREDIS_URL no configurado. Usando cach├® en memoria.[39m
[32m[Nest] 15232  - [39m03/05/2026, 11:25:46 a.┬ám. [32m    LOG[39m [38;5;3m[GeocodingService] [39m[32mMapbox call | company: co-1 | address: 6:0"y?0l)<[39m
[32m[Nest] 15232  - [39m03/05/2026, 11:25:46 a.┬ám. [32m    LOG[39m [38;5;3m[CacheService] [39m[32mREDIS_URL no configurado. Usando cach├® en memoria.[39m
[32m[Nest] 15232  - [39m03/05/2026, 11:25:46 a.┬ám. [32m    LOG[39m [38;5;3m[GeocodingService] [39m[32mMapbox call | company: co-1 | address: e:[39m
[32m[Nest] 15232  - [39m03/05/2026, 11:25:46 a.┬ám. [32m    LOG[39m [38;5;3m[CacheService] [39m[32mREDIS_URL no configurado. Usando cach├® en memoria.[39m
[32m[Nest] 15232  - [39m03/05/2026, 11:25:46 a.┬ám. [32m    LOG[39m [38;5;3m[GeocodingService] [39m[32mMapbox call | company: co-1 | address: j:|2?&xq[39m
[32m[Nest] 15232  - [39m03/05/2026, 11:25:46 a.┬ám. [32m    LOG[39m [38;5;3m[CacheService] [39m[32mREDIS_URL no configurado. Usando cach├® en memoria.[39m
[32m[Nest] 15232  - [39m03/05/2026, 11:25:46 a.┬ám. [32m    LOG[39m [38;5;3m[GeocodingService] [39m[32mMapbox call | company: co-1 | address: pgetter[39m
[32m[Nest] 15232  - [39m03/05/2026, 11:25:46 a.┬ám. [32m    LOG[39m [38;5;3m[CacheService] [39m[32mREDIS_URL no configurado. Usando cach├® en memoria.[39m
[32m[Nest] 15232  - [39m03/05/2026, 11:25:46 a.┬ám. [32m    LOG[39m [38;5;3m[GeocodingService] [39m[32mMapbox call | company: co-1 | address: bi[39m
[32m[Nest] 15232  - [39m03/05/2026, 11:25:46 a.┬ám. [32m    LOG[39m [38;5;3m[CacheService] [39m[32mREDIS_URL no configurado. Usando cach├® en memoria.[39m
[32m[Nest] 15232  - [39m03/05/2026, 11:25:46 a.┬ám. [32m    LOG[39m [38;5;3m[GeocodingService] [39m[32mMapbox call | company: co-1 | address: -bi^git&[39m
[32m[Nest] 15232  - [39m03/05/2026, 11:25:46 a.┬ám. [32m    LOG[39m [38;5;3m[CacheService] [39m[32mREDIS_URL no configurado. Usando cach├® en memoria.[39m
[32m[Nest] 15232  - [39m03/05/2026, 11:25:46 a.┬ám. [32m    LOG[39m [38;5;3m[GeocodingService] [39m[32mMapbox call | company: co-1 | address: (owxe<[39m
[32m[Nest] 15232  - [39m03/05/2026, 11:25:46 a.┬ám. [32m    LOG[39m [38;5;3m[CacheService] [39m[32mREDIS_URL no configurado. Usando cach├® en memoria.[39m
[32m[Nest] 15232  - [39m03/05/2026, 11:25:46 a.┬ám. [32m    LOG[39m [38;5;3m[GeocodingService] [39m[32mMapbox call | company: co-1 | address: |!+![39m
[32m[Nest] 15232  - [39m03/05/2026, 11:25:46 a.┬ám. [32m    LOG[39m [38;5;3m[CacheService] [39m[32mREDIS_URL no configurado. Usando cach├® en memoria.[39m
[32m[Nest] 15232  - [39m03/05/2026, 11:25:46 a.┬ám. [32m    LOG[39m [38;5;3m[GeocodingService] [39m[32mMapbox call | company: co-1 | address: z[39m
[32m[Nest] 15232  - [39m03/05/2026, 11:25:46 a.┬ám. [32m    LOG[39m [38;5;3m[CacheService] [39m[32mREDIS_URL no configurado. Usando cach├® en memoria.[39m
[32m[Nest] 15232  - [39m03/05/2026, 11:25:46 a.┬ám. [32m    LOG[39m [38;5;3m[GeocodingService] [39m[32mMapbox call | company: co-1 | address: j(/5a&#ga[39m
[32m[Nest] 15232  - [39m03/05/2026, 11:25:46 a.┬ám. [32m    LOG[39m [38;5;3m[CacheService] [39m[32mREDIS_URL no configurado. Usando cach├® en memoria.[39m
[32m[Nest] 15232  - [39m03/05/2026, 11:25:46 a.┬ám. [32m    LOG[39m [38;5;3m[GeocodingService] [39m[32mMapbox call | company: co-1 | address: valueofo[39m
[32m[Nest] 15232  - [39m03/05/2026, 11:25:46 a.┬ám. [32m    LOG[39m [38;5;3m[CacheService] [39m[32mREDIS_URL no configurado. Usando cach├® en memoria.[39m
[32m[Nest] 15232  - [39m03/05/2026, 11:25:46 a.┬ám. [32m    LOG[39m [38;5;3m[GeocodingService] [39m[32mMapbox call | company: co-1 | address: .v6~esx"l,e[39m
[32m[Nest] 15232  - [39m03/05/2026, 11:25:46 a.┬ám. [32m    LOG[39m [38;5;3m[CacheService] [39m[32mREDIS_URL no configurado. Usando cach├® en memoria.[39m
[32m[Nest] 15232  - [39m03/05/2026, 11:25:46 a.┬ám. [32m    LOG[39m [38;5;3m[GeocodingService] [39m[32mMapbox call | company: co-1 | address: %`2&7}hk&)-[39m
[32m[Nest] 15232  - [39m03/05/2026, 11:25:46 a.┬ám. [32m    LOG[39m [38;5;3m[CacheService] [39m[32mREDIS_URL no configurado. Usando cach├® en memoria.[39m
[32m[Nest] 15232  - [39m03/05/2026, 11:25:46 a.┬ám. [32m    LOG[39m [38;5;3m[GeocodingService] [39m[32mMapbox call | company: co-1 | address: .ta=l$nps[39m
[32m[Nest] 15232  - [39m03/05/2026, 11:25:46 a.┬ám. [32m    LOG[39m [38;5;3m[CacheService] [39m[32mREDIS_URL no configurado. Usando cach├® en memoria.[39m
[32m[Nest] 15232  - [39m03/05/2026, 11:25:46 a.┬ám. [32m    LOG[39m [38;5;3m[GeocodingService] [39m[32mMapbox call | company: co-1 | address: 1m&[39m
[32m[Nest] 15232  - [39m03/05/2026, 11:25:46 a.┬ám. [32m    LOG[39m [38;5;3m[CacheService] [39m[32mREDIS_URL no configurado. Usando cach├® en memoria.[39m
[32m[Nest] 15232  - [39m03/05/2026, 11:25:46 a.┬ám. [32m    LOG[39m [38;5;3m[GeocodingService] [39m[32mMapbox call | company: co-1 | address: gh[39m
[32m[Nest] 15232  - [39m03/05/2026, 11:25:46 a.┬ám. [32m    LOG[39m [38;5;3m[CacheService] [39m[32mREDIS_URL no configurado. Usando cach├® en memoria.[39m
[32m[Nest] 15232  - [39m03/05/2026, 11:25:46 a.┬ám. [32m    LOG[39m [38;5;3m[GeocodingService] [39m[32mMapbox call | company: co-1 | address: d<s[39m
[32m[Nest] 15232  - [39m03/05/2026, 11:25:46 a.┬ám. [32m    LOG[39m [38;5;3m[CacheService] [39m[32mREDIS_URL no configurado. Usando cach├® en memoria.[39m
[32m[Nest] 15232  - [39m03/05/2026, 11:25:46 a.┬ám. [32m    LOG[39m [38;5;3m[GeocodingService] [39m[32mMapbox call | company: co-1 | address: z}[39m
[32m[Nest] 15232  - [39m03/05/2026, 11:25:46 a.┬ám. [32m    LOG[39m [38;5;3m[CacheService] [39m[32mREDIS_URL no configurado. Usando cach├® en memoria.[39m
[32m[Nest] 15232  - [39m03/05/2026, 11:25:46 a.┬ám. [32m    LOG[39m [38;5;3m[GeocodingService] [39m[32mMapbox call | company: co-1 | address: f[39m
[32m[Nest] 15232  - [39m03/05/2026, 11:25:46 a.┬ám. [32m    LOG[39m [38;5;3m[CacheService] [39m[32mREDIS_URL no configurado. Usando cach├® en memoria.[39m
[32m[Nest] 15232  - [39m03/05/2026, 11:25:46 a.┬ám. [32m    LOG[39m [38;5;3m[GeocodingService] [39m[32mMapbox call | company: co-1 | address: iqanv^yri[39m
[32m[Nest] 15232  - [39m03/05/2026, 11:25:46 a.┬ám. [32m    LOG[39m [38;5;3m[CacheService] [39m[32mREDIS_URL no configurado. Usando cach├® en memoria.[39m
[32m[Nest] 15232  - [39m03/05/2026, 11:25:46 a.┬ám. [32m    LOG[39m [38;5;3m[GeocodingService] [39m[32mMapbox call | company: co-1 | address: !v8qz[39m
[32m[Nest] 15232  - [39m03/05/2026, 11:25:46 a.┬ám. [32m    LOG[39m [38;5;3m[CacheService] [39m[32mREDIS_URL no configurado. Usando cach├® en memoria.[39m
[32m[Nest] 15232  - [39m03/05/2026, 11:25:46 a.┬ám. [32m    LOG[39m [38;5;3m[GeocodingService] [39m[32mMapbox call | company: co-1 | address: kvg9k8pqv0x[[39m
[32m[Nest] 15232  - [39m03/05/2026, 11:25:46 a.┬ám. [32m    LOG[39m [38;5;3m[CacheService] [39m[32mREDIS_URL no configurado. Usando cach├® en memoria.[39m
[32m[Nest] 15232  - [39m03/05/2026, 11:25:46 a.┬ám. [32m    LOG[39m [38;5;3m[GeocodingService] [39m[32mMapbox call | company: co-1 | address: wmpq5ho9[39m
[32m[Nest] 15232  - [39m03/05/2026, 11:25:46 a.┬ám. [32m    LOG[39m [38;5;3m[CacheService] [39m[32mREDIS_URL no configurado. Usando cach├® en memoria.[39m
[32m[Nest] 15232  - [39m03/05/2026, 11:25:46 a.┬ám. [32m    LOG[39m [38;5;3m[GeocodingService] [39m[32mMapbox call | company: co-1 | address: h"p[39m
[32m[Nest] 15232  - [39m03/05/2026, 11:25:46 a.┬ám. [32m    LOG[39m [38;5;3m[CacheService] [39m[32mREDIS_URL no configurado. Usando cach├® en memoria.[39m
[32m[Nest] 15232  - [39m03/05/2026, 11:25:46 a.┬ám. [32m    LOG[39m [38;5;3m[GeocodingService] [39m[32mMapbox call | company: co-1 | address: `u<]0<wmjq[39m
[32m[Nest] 15232  - [39m03/05/2026, 11:25:46 a.┬ám. [32m    LOG[39m [38;5;3m[CacheService] [39m[32mREDIS_URL no configurado. Usando cach├® en memoria.[39m
[32m[Nest] 15232  - [39m03/05/2026, 11:25:46 a.┬ám. [32m    LOG[39m [38;5;3m[GeocodingService] [39m[32mMapbox call | company: co-1 | address: c}i#"[39m
[32m[Nest] 15232  - [39m03/05/2026, 11:25:46 a.┬ám. [32m    LOG[39m [38;5;3m[CacheService] [39m[32mREDIS_URL no configurado. Usando cach├® en memoria.[39m
[32m[Nest] 15232  - [39m03/05/2026, 11:25:46 a.┬ám. [32m    LOG[39m [38;5;3m[GeocodingService] [39m[32mMapbox call | company: co-1 | address: ngqt>:(ixc.g[39m
PASS specs/super-admin/tenants.use-case.spec.ts
PASS specs/super-admin/users.use-case.spec.ts
PASS specs/servicios-notificaciones.spec.ts
[31m[Nest] 15232  - [39m03/05/2026, 11:25:49 a.┬ám. [31m  ERROR[39m 
[38;5;3m[TrackingGateway] [39m[31m[Tracking] Client socket-abc rejected: JWT error 
ÔÇö invalid signature[39m
PASS specs/tracking.spec.ts
[32m[Nest] 15232  - [39m03/05/2026, 11:25:49 a.┬ám. [32m    LOG[39m [38;5;3m[TrackingGateway] [39m[32m[Tracking] Token payload: role=ADMIN, company_id=co-1[39m
[32m[Nest] 15232  - [39m03/05/2026, 11:25:49 a.┬ám. [32m    LOG[39m [38;5;3m[TrackingGateway] [39m[32mClient socket-abc joined room co-1[39m
[32m[Nest] 15232  - [39m03/05/2026, 11:25:49 a.┬ám. [32m    LOG[39m [38;5;3m[TrackingGateway] [39m[32m[Tracking] Token payload: role=AUX, company_id=co-1[39m
[32m[Nest] 15232  - [39m03/05/2026, 11:25:49 a.┬ám. [32m    LOG[39m [38;5;3m[TrackingGateway] [39m[32mClient socket-abc joined room co-1[39m
[32m[Nest] 15232  - [39m03/05/2026, 11:25:49 a.┬ám. [32m    LOG[39m [38;5;3m[TrackingGateway] [39m[32m[Tracking] Token payload: role=ADMIN, company_id=co-2[39m
[32m[Nest] 15232  - [39m03/05/2026, 11:25:49 a.┬ám. [32m    LOG[39m [38;5;3m[TrackingGateway] [39m[32mClient socket-abc joined room co-2[39m
[33m[Nest] 15232  - [39m03/05/2026, 11:25:49 a.┬ám. [33m   WARN[39m [38;5;3m[TrackingGateway] [39m[33m[Tracking] Client socket-abc rejected: no token[39m
[32m[Nest] 15232  - [39m03/05/2026, 11:25:49 a.┬ám. [32m    LOG[39m [38;5;3m[TrackingGateway] [39m[32m[Tracking] Token payload: role=COURIER, company_id=co-1[39m
[33m[Nest] 15232  - [39m03/05/2026, 11:25:49 a.┬ám. [33m   WARN[39m [38;5;3m[TrackingGateway] [39m[33m[Tracking] Client socket-abc rejected: role=COURIER not allowed[39m
[32m[Nest] 15232  - [39m03/05/2026, 11:25:49 a.┬ám. [32m    LOG[39m [38;5;3m[TrackingGateway] [39m[32m[Tracking] Token payload: role=ADMIN, company_id=null[39m
[33m[Nest] 15232  - [39m03/05/2026, 11:25:49 a.┬ám. [33m   WARN[39m [38;5;3m[TrackingGateway] [39m[33m[Tracking] Client socket-abc rejected: role=ADMIN not allowed[39m
[32m[Nest] 15232  - [39m03/05/2026, 11:25:49 a.┬ám. [32m    LOG[39m [38;5;3m[TrackingGateway] [39m[32m[Tracking] Token payload: role=ADMIN, company_id=co-1[39m
[32m[Nest] 15232  - [39m03/05/2026, 11:25:49 a.┬ám. [32m    LOG[39m [38;5;3m[TrackingGateway] [39m[32mClient socket-abc joined room co-1[39m
[32m[Nest] 15232  - [39m03/05/2026, 11:25:49 a.┬ám. [32m    LOG[39m [38;5;3m[TrackingGateway] [39m[32mClient disconnected: socket-xyz[39m
[32m[Nest] 15232  - [39m03/05/2026, 11:25:49 a.┬ám. [32m    LOG[39m [38;5;3m[TrackingGateway] [39m[32m[Tracking] Token payload: role=SUPER_ADMIN, company_id=co-1[39m
[33m[Nest] 15232  - [39m03/05/2026, 11:25:49 a.┬ám. [33m   WARN[39m [38;5;3m[TrackingGateway] [39m[33m[Tracking] Client socket-abc rejected: role=SUPER_ADMIN not allowed[39m
[32m[Nest] 15232  - [39m03/05/2026, 11:25:49 a.┬ám. [32m    LOG[39m [38;5;3m[TrackingGateway] [39m[32m[Tracking] Token payload: role=UNKNOWN, company_id=co-1[39m
[33m[Nest] 15232  - [39m03/05/2026, 11:25:49 a.┬ám. [33m   WARN[39m [38;5;3m[TrackingGateway] [39m[33m[Tracking] Client socket-abc rejected: role=UNKNOWN not allowed[39m
[32m[Nest] 15232  - [39m03/05/2026, 11:25:49 a.┬ám. [32m    LOG[39m [38;5;3m[TrackingGateway] [39m[32m[Tracking] Token payload: role=UNKNOWN, company_id=co-1[39m
[33m[Nest] 15232  - [39m03/05/2026, 11:25:49 a.┬ám. [33m   WARN[39m [38;5;3m[TrackingGateway] [39m[33m[Tracking] Client socket-abc rejected: role=UNKNOWN not allowed[39m
[32m[Nest] 15232  - [39m03/05/2026, 11:25:49 a.┬ám. [32m    LOG[39m [38;5;3m[TrackingGateway] [39m[32m[Tracking] Token payload: role=, company_id=co-1[39m
[33m[Nest] 15232  - [39m03/05/2026, 11:25:49 a.┬ám. [33m   WARN[39m [38;5;3m[TrackingGateway] [39m[33m[Tracking] Client socket-abc rejected: role= not allowed[39m
[32m[Nest] 15232  - [39m03/05/2026, 11:25:49 a.┬ám. [32m    LOG[39m [38;5;3m[TrackingGateway] [39m[32m[Tracking] Token payload: role=SUPER_ADMIN, company_id=co-1[39m
[33m[Nest] 15232  - [39m03/05/2026, 11:25:49 a.┬ám. [33m   WARN[39m [38;5;3m[TrackingGateway] [39m[33m[Tracking] Client socket-abc rejected: role=SUPER_ADMIN not allowed[39m
[32m[Nest] 15232  - [39m03/05/2026, 11:25:49 a.┬ám. [32m    LOG[39m [38;5;3m[TrackingGateway] [39m[32m[Tracking] Token payload: role=, company_id=co-1[39m
[33m[Nest] 15232  - [39m03/05/2026, 11:25:49 a.┬ám. [33m   WARN[39m [38;5;3m[TrackingGateway] [39m[33m[Tracking] Client socket-abc rejected: role= not allowed[39m
[32m[Nest] 15232  - [39m03/05/2026, 11:25:49 a.┬ám. [32m    LOG[39m [38;5;3m[TrackingGateway] [39m[32m[Tracking] Token payload: role=COURIER, company_id=co-1[39m
[33m[Nest] 15232  - [39m03/05/2026, 11:25:49 a.┬ám. [33m   WARN[39m [38;5;3m[TrackingGateway] [39m[33m[Tracking] Client socket-abc rejected: role=COURIER not allowed[39m
[32m[Nest] 15232  - [39m03/05/2026, 11:25:49 a.┬ám. [32m    LOG[39m [38;5;3m[TrackingGateway] [39m[32m[Tracking] Token payload: role=, company_id=co-1[39m
[33m[Nest] 15232  - [39m03/05/2026, 11:25:49 a.┬ám. [33m   WARN[39m [38;5;3m[TrackingGateway] [39m[33m[Tracking] Client socket-abc rejected: role= not allowed[39m
[32m[Nest] 15232  - [39m03/05/2026, 11:25:49 a.┬ám. [32m    LOG[39m [38;5;3m[TrackingGateway] [39m[32m[Tracking] Token payload: role=, company_id=co-1[39m
[33m[Nest] 15232  - [39m03/05/2026, 11:25:49 a.┬ám. [33m   WARN[39m [38;5;3m[TrackingGateway] [39m[33m[Tracking] Client socket-abc rejected: role= not allowed[39m
[32m[Nest] 15232  - [39m03/05/2026, 11:25:49 a.┬ám. [32m    LOG[39m [38;5;3m[TrackingGateway] [39m[32m[Tracking] Token payload: role=, company_id=co-1[39m
[33m[Nest] 15232  - [39m03/05/2026, 11:25:49 a.┬ám. [33m   WARN[39m [38;5;3m[TrackingGateway] [39m[33m[Tracking] Client socket-abc rejected: role= not allowed[39m
[32m[Nest] 15232  - [39m03/05/2026, 11:25:49 a.┬ám. [32m    LOG[39m [38;5;3m[TrackingGateway] [39m[32m[Tracking] Token payload: role=UNKNOWN, company_id=co-1[39m
[33m[Nest] 15232  - [39m03/05/2026, 11:25:49 a.┬ám. [33m   WARN[39m [38;5;3m[TrackingGateway] [39m[33m[Tracking] Client socket-abc rejected: role=UNKNOWN not allowed[39m
[32m[Nest] 15232  - [39m03/05/2026, 11:25:49 a.┬ám. [32m    LOG[39m [38;5;3m[TrackingGateway] [39m[32m[Tracking] Token payload: role=COURIER, company_id=co-1[39m
[33m[Nest] 15232  - [39m03/05/2026, 11:25:49 a.┬ám. [33m   WARN[39m [38;5;3m[TrackingGateway] [39m[33m[Tracking] Client socket-abc rejected: role=COURIER not allowed[39m
[32m[Nest] 15232  - [39m03/05/2026, 11:25:49 a.┬ám. [32m    LOG[39m [38;5;3m[TrackingGateway] [39m[32m[Tracking] Token payload: role=COURIER, company_id=co-1[39m
[33m[Nest] 15232  - [39m03/05/2026, 11:25:49 a.┬ám. [33m   WARN[39m [38;5;3m[TrackingGateway] [39m[33m[Tracking] Client socket-abc rejected: role=COURIER not allowed[39m
[32m[Nest] 15232  - [39m03/05/2026, 11:25:49 a.┬ám. [32m    LOG[39m [38;5;3m[TrackingGateway] [39m[32m[Tracking] Token payload: role=UNKNOWN, company_id=co-1[39m
[33m[Nest] 15232  - [39m03/05/2026, 11:25:49 a.┬ám. [33m   WARN[39m [38;5;3m[TrackingGateway] [39m[33m[Tracking] Client socket-abc rejected: role=UNKNOWN not allowed[39m
[32m[Nest] 15232  - [39m03/05/2026, 11:25:49 a.┬ám. [32m    LOG[39m [38;5;3m[TrackingGateway] [39m[32m[Tracking] Token payload: role=UNKNOWN, company_id=co-1[39m
[33m[Nest] 15232  - [39m03/05/2026, 11:25:49 a.┬ám. [33m   WARN[39m [38;5;3m[TrackingGateway] [39m[33m[Tracking] Client socket-abc rejected: role=UNKNOWN not allowed[39m
[32m[Nest] 15232  - [39m03/05/2026, 11:25:49 a.┬ám. [32m    LOG[39m [38;5;3m[TrackingGateway] [39m[32m[Tracking] Token payload: role=COURIER, company_id=co-1[39m
[33m[Nest] 15232  - [39m03/05/2026, 11:25:49 a.┬ám. [33m   WARN[39m [38;5;3m[TrackingGateway] [39m[33m[Tracking] Client socket-abc rejected: role=COURIER not allowed[39m
[32m[Nest] 15232  - [39m03/05/2026, 11:25:49 a.┬ám. [32m    LOG[39m [38;5;3m[TrackingGateway] [39m[32m[Tracking] Token payload: role=SUPER_ADMIN, company_id=co-1[39m
[33m[Nest] 15232  - [39m03/05/2026, 11:25:49 a.┬ám. [33m   WARN[39m [38;5;3m[TrackingGateway] [39m[33m[Tracking] Client socket-abc rejected: role=SUPER_ADMIN not allowed[39m
[32m[Nest] 15232  - [39m03/05/2026, 11:25:49 a.┬ám. [32m    LOG[39m [38;5;3m[TrackingGateway] [39m[32m[Tracking] Token payload: role=SUPER_ADMIN, company_id=co-1[39m
[33m[Nest] 15232  - [39m03/05/2026, 11:25:49 a.┬ám. [33m   WARN[39m [38;5;3m[TrackingGateway] [39m[33m[Tracking] Client socket-abc rejected: role=SUPER_ADMIN not allowed[39m
[32m[Nest] 15232  - [39m03/05/2026, 11:25:49 a.┬ám. [32m    LOG[39m [38;5;3m[TrackingGateway] [39m[32m[Tracking] Token payload: role=UNKNOWN, company_id=co-1[39m
[33m[Nest] 15232  - [39m03/05/2026, 11:25:49 a.┬ám. [33m   WARN[39m [38;5;3m[TrackingGateway] [39m[33m[Tracking] Client socket-abc rejected: role=UNKNOWN not allowed[39m
[32m[Nest] 15232  - [39m03/05/2026, 11:25:49 a.┬ám. [32m    LOG[39m [38;5;3m[TrackingGateway] [39m[32m[Tracking] Token payload: role=UNKNOWN, company_id=co-1[39m
[33m[Nest] 15232  - [39m03/05/2026, 11:25:49 a.┬ám. [33m   WARN[39m [38;5;3m[TrackingGateway] [39m[33m[Tracking] Client socket-abc rejected: role=UNKNOWN not allowed[39m
[32m[Nest] 15232  - [39m03/05/2026, 11:25:49 a.┬ám. [32m    LOG[39m [38;5;3m[TrackingGateway] [39m[32m[Tracking] Token payload: role=COURIER, company_id=co-1[39m
[33m[Nest] 15232  - [39m03/05/2026, 11:25:49 a.┬ám. [33m   WARN[39m [38;5;3m[TrackingGateway] [39m[33m[Tracking] Client socket-abc rejected: role=COURIER not allowed[39m
[32m[Nest] 15232  - [39m03/05/2026, 11:25:49 a.┬ám. [32m    LOG[39m [38;5;3m[TrackingGateway] [39m[32m[Tracking] Token payload: role=, company_id=co-1[39m
[33m[Nest] 15232  - [39m03/05/2026, 11:25:49 a.┬ám. [33m   WARN[39m [38;5;3m[TrackingGateway] [39m[33m[Tracking] Client socket-abc rejected: role= not allowed[39m
[32m[Nest] 15232  - [39m03/05/2026, 11:25:49 a.┬ám. [32m    LOG[39m [38;5;3m[TrackingGateway] [39m[32m[Tracking] Token payload: role=SUPER_ADMIN, company_id=co-1[39m
[33m[Nest] 15232  - [39m03/05/2026, 11:25:49 a.┬ám. [33m   WARN[39m [38;5;3m[TrackingGateway] [39m[33m[Tracking] Client socket-abc rejected: role=SUPER_ADMIN not allowed[39m
[32m[Nest] 15232  - [39m03/05/2026, 11:25:49 a.┬ám. [32m    LOG[39m [38;5;3m[TrackingGateway] [39m[32m[Tracking] Token payload: role=, company_id=co-1[39m
[33m[Nest] 15232  - [39m03/05/2026, 11:25:49 a.┬ám. [33m   WARN[39m [38;5;3m[TrackingGateway] [39m[33m[Tracking] Client socket-abc rejected: role= not allowed[39m
[32m[Nest] 15232  - [39m03/05/2026, 11:25:49 a.┬ám. [32m    LOG[39m [38;5;3m[TrackingGateway] [39m[32m[Tracking] Token payload: role=, company_id=co-1[39m
[33m[Nest] 15232  - [39m03/05/2026, 11:25:49 a.┬ám. [33m   WARN[39m [38;5;3m[TrackingGateway] [39m[33m[Tracking] Client socket-abc rejected: role= not allowed[39m
[32m[Nest] 15232  - [39m03/05/2026, 11:25:49 a.┬ám. [32m    LOG[39m [38;5;3m[TrackingGateway] [39m[32m[Tracking] Token payload: role=SUPER_ADMIN, company_id=co-1[39m
[33m[Nest] 15232  - [39m03/05/2026, 11:25:49 a.┬ám. [33m   WARN[39m [38;5;3m[TrackingGateway] [39m[33m[Tracking] Client socket-abc rejected: role=SUPER_ADMIN not allowed[39m
[32m[Nest] 15232  - [39m03/05/2026, 11:25:49 a.┬ám. [32m    LOG[39m [38;5;3m[TrackingGateway] [39m[32m[Tracking] Token payload: role=, company_id=co-1[39m
[33m[Nest] 15232  - [39m03/05/2026, 11:25:49 a.┬ám. [33m   WARN[39m [38;5;3m[TrackingGateway] [39m[33m[Tracking] Client socket-abc rejected: role= not allowed[39m
[32m[Nest] 15232  - [39m03/05/2026, 11:25:49 a.┬ám. [32m    LOG[39m [38;5;3m[TrackingGateway] [39m[32m[Tracking] Token payload: role=COURIER, company_id=co-1[39m
[33m[Nest] 15232  - [39m03/05/2026, 11:25:49 a.┬ám. [33m   WARN[39m [38;5;3m[TrackingGateway] [39m[33m[Tracking] Client socket-abc rejected: role=COURIER not allowed[39m
[32m[Nest] 15232  - [39m03/05/2026, 11:25:49 a.┬ám. [32m    LOG[39m [38;5;3m[TrackingGateway] [39m[32m[Tracking] Token payload: role=, company_id=co-1[39m
[33m[Nest] 15232  - [39m03/05/2026, 11:25:49 a.┬ám. [33m   WARN[39m [38;5;3m[TrackingGateway] [39m[33m[Tracking] Client socket-abc rejected: role= not allowed[39m
[32m[Nest] 15232  - [39m03/05/2026, 11:25:49 a.┬ám. [32m    LOG[39m [38;5;3m[TrackingGateway] [39m[32m[Tracking] Token payload: role=, company_id=co-1[39m
[33m[Nest] 15232  - [39m03/05/2026, 11:25:49 a.┬ám. [33m   WARN[39m [38;5;3m[TrackingGateway] [39m[33m[Tracking] Client socket-abc rejected: role= not allowed[39m
[32m[Nest] 15232  - [39m03/05/2026, 11:25:49 a.┬ám. [32m    LOG[39m [38;5;3m[TrackingGateway] [39m[32m[Tracking] Token payload: role=SUPER_ADMIN, company_id=co-1[39m
[33m[Nest] 15232  - [39m03/05/2026, 11:25:49 a.┬ám. [33m   WARN[39m [38;5;3m[TrackingGateway] [39m[33m[Tracking] Client socket-abc rejected: role=SUPER_ADMIN not allowed[39m
[32m[Nest] 15232  - [39m03/05/2026, 11:25:49 a.┬ám. [32m    LOG[39m [38;5;3m[TrackingGateway] [39m[32m[Tracking] Token payload: role=, company_id=co-1[39m
[33m[Nest] 15232  - [39m03/05/2026, 11:25:49 a.┬ám. [33m   WARN[39m [38;5;3m[TrackingGateway] [39m[33m[Tracking] Client socket-abc rejected: role= not allowed[39m
[32m[Nest] 15232  - [39m03/05/2026, 11:25:49 a.┬ám. [32m    LOG[39m [38;5;3m[TrackingGateway] [39m[32m[Tracking] Token payload: role=, company_id=co-1[39m
[33m[Nest] 15232  - [39m03/05/2026, 11:25:49 a.┬ám. [33m   WARN[39m [38;5;3m[TrackingGateway] [39m[33m[Tracking] Client socket-abc rejected: role= not allowed[39m
[32m[Nest] 15232  - [39m03/05/2026, 11:25:49 a.┬ám. [32m    LOG[39m [38;5;3m[TrackingGateway] [39m[32m[Tracking] Token payload: role=, company_id=co-1[39m
[33m[Nest] 15232  - [39m03/05/2026, 11:25:49 a.┬ám. [33m   WARN[39m [38;5;3m[TrackingGateway] [39m[33m[Tracking] Client socket-abc rejected: role= not allowed[39m
[32m[Nest] 15232  - [39m03/05/2026, 11:25:49 a.┬ám. [32m    LOG[39m [38;5;3m[TrackingGateway] [39m[32m[Tracking] Token payload: role=COURIER, company_id=co-1[39m
[33m[Nest] 15232  - [39m03/05/2026, 11:25:49 a.┬ám. [33m   WARN[39m [38;5;3m[TrackingGateway] [39m[33m[Tracking] Client socket-abc rejected: role=COURIER not allowed[39m
[32m[Nest] 15232  - [39m03/05/2026, 11:25:49 a.┬ám. [32m    LOG[39m [38;5;3m[TrackingGateway] [39m[32m[Tracking] Token payload: role=, company_id=co-1[39m
[33m[Nest] 15232  - [39m03/05/2026, 11:25:49 a.┬ám. [33m   WARN[39m [38;5;3m[TrackingGateway] [39m[33m[Tracking] Client socket-abc rejected: role= not allowed[39m
[32m[Nest] 15232  - [39m03/05/2026, 11:25:49 a.┬ám. [32m    LOG[39m [38;5;3m[TrackingGateway] [39m[32m[Tracking] Token payload: role=UNKNOWN, company_id=co-1[39m
[33m[Nest] 15232  - [39m03/05/2026, 11:25:49 a.┬ám. [33m   WARN[39m [38;5;3m[TrackingGateway] [39m[33m[Tracking] Client socket-abc rejected: role=UNKNOWN not allowed[39m
[32m[Nest] 15232  - [39m03/05/2026, 11:25:49 a.┬ám. [32m    LOG[39m [38;5;3m[TrackingGateway] [39m[32m[Tracking] Token payload: role=COURIER, company_id=co-1[39m
[33m[Nest] 15232  - [39m03/05/2026, 11:25:49 a.┬ám. [33m   WARN[39m [38;5;3m[TrackingGateway] [39m[33m[Tracking] Client socket-abc rejected: role=COURIER not allowed[39m
[32m[Nest] 15232  - [39m03/05/2026, 11:25:49 a.┬ám. [32m    LOG[39m [38;5;3m[TrackingGateway] [39m[32m[Tracking] Token payload: role=SUPER_ADMIN, company_id=co-1[39m
[33m[Nest] 15232  - [39m03/05/2026, 11:25:49 a.┬ám. [33m   WARN[39m [38;5;3m[TrackingGateway] [39m[33m[Tracking] Client socket-abc rejected: role=SUPER_ADMIN not allowed[39m
[32m[Nest] 15232  - [39m03/05/2026, 11:25:49 a.┬ám. [32m    LOG[39m [38;5;3m[TrackingGateway] [39m[32m[Tracking] Token payload: role=COURIER, company_id=co-1[39m
[33m[Nest] 15232  - [39m03/05/2026, 11:25:49 a.┬ám. [33m   WARN[39m [38;5;3m[TrackingGateway] [39m[33m[Tracking] Client socket-abc rejected: role=COURIER not allowed[39m
[32m[Nest] 15232  - [39m03/05/2026, 11:25:49 a.┬ám. [32m    LOG[39m [38;5;3m[TrackingGateway] [39m[32m[Tracking] Token payload: role=SUPER_ADMIN, company_id=co-1[39m
[33m[Nest] 15232  - [39m03/05/2026, 11:25:49 a.┬ám. [33m   WARN[39m [38;5;3m[TrackingGateway] [39m[33m[Tracking] Client socket-abc rejected: role=SUPER_ADMIN not allowed[39m
[32m[Nest] 15232  - [39m03/05/2026, 11:25:49 a.┬ám. [32m    LOG[39m [38;5;3m[TrackingGateway] [39m[32m[Tracking] Token payload: role=COURIER, company_id=co-1[39m
[33m[Nest] 15232  - [39m03/05/2026, 11:25:49 a.┬ám. [33m   WARN[39m [38;5;3m[TrackingGateway] [39m[33m[Tracking] Client socket-abc rejected: role=COURIER not allowed[39m
[32m[Nest] 15232  - [39m03/05/2026, 11:25:49 a.┬ám. [32m    LOG[39m [38;5;3m[TrackingGateway] [39m[32m[Tracking] Token payload: role=UNKNOWN, company_id=co-1[39m
[33m[Nest] 15232  - [39m03/05/2026, 11:25:49 a.┬ám. [33m   WARN[39m [38;5;3m[TrackingGateway] [39m[33m[Tracking] Client socket-abc rejected: role=UNKNOWN not allowed[39m
[32m[Nest] 15232  - [39m03/05/2026, 11:25:49 a.┬ám. [32m    LOG[39m [38;5;3m[TrackingGateway] [39m[32m[Tracking] Token payload: role=COURIER, company_id=co-1[39m
[33m[Nest] 15232  - [39m03/05/2026, 11:25:49 a.┬ám. [33m   WARN[39m [38;5;3m[TrackingGateway] [39m[33m[Tracking] Client socket-abc rejected: role=COURIER not allowed[39m
[32m[Nest] 15232  - [39m03/05/2026, 11:25:49 a.┬ám. [32m    LOG[39m [38;5;3m[TrackingGateway] [39m[32m[Tracking] Token payload: role=SUPER_ADMIN, company_id=co-1[39m
[33m[Nest] 15232  - [39m03/05/2026, 11:25:49 a.┬ám. [33m   WARN[39m [38;5;3m[TrackingGateway] [39m[33m[Tracking] Client socket-abc rejected: role=SUPER_ADMIN not allowed[39m
[32m[Nest] 15232  - [39m03/05/2026, 11:25:49 a.┬ám. [32m    LOG[39m [38;5;3m[TrackingGateway] [39m[32m[Tracking] Token payload: role=COURIER, company_id=co-1[39m
[33m[Nest] 15232  - [39m03/05/2026, 11:25:49 a.┬ám. [33m   WARN[39m [38;5;3m[TrackingGateway] [39m[33m[Tracking] Client socket-abc rejected: role=COURIER not allowed[39m
[32m[Nest] 15232  - [39m03/05/2026, 11:25:49 a.┬ám. [32m    LOG[39m [38;5;3m[TrackingGateway] [39m[32m[Tracking] Token payload: role=COURIER, company_id=co-1[39m
[33m[Nest] 15232  - [39m03/05/2026, 11:25:49 a.┬ám. [33m   WARN[39m [38;5;3m[TrackingGateway] [39m[33m[Tracking] Client socket-abc rejected: role=COURIER not allowed[39m
[32m[Nest] 15232  - [39m03/05/2026, 11:25:49 a.┬ám. [32m    LOG[39m [38;5;3m[TrackingGateway] [39m[32m[Tracking] Token payload: role=, company_id=co-1[39m
[33m[Nest] 15232  - [39m03/05/2026, 11:25:49 a.┬ám. [33m   WARN[39m [38;5;3m[TrackingGateway] [39m[33m[Tracking] Client socket-abc rejected: role= not allowed[39m
[32m[Nest] 15232  - [39m03/05/2026, 11:25:49 a.┬ám. [32m    LOG[39m [38;5;3m[TrackingGateway] [39m[32m[Tracking] Token payload: role=UNKNOWN, company_id=co-1[39m
[33m[Nest] 15232  - [39m03/05/2026, 11:25:49 a.┬ám. [33m   WARN[39m [38;5;3m[TrackingGateway] [39m[33m[Tracking] Client socket-abc rejected: role=UNKNOWN not allowed[39m
[32m[Nest] 15232  - [39m03/05/2026, 11:25:49 a.┬ám. [32m    LOG[39m [38;5;3m[TrackingGateway] [39m[32m[Tracking] Token payload: role=COURIER, company_id=co-1[39m
[33m[Nest] 15232  - [39m03/05/2026, 11:25:49 a.┬ám. [33m   WARN[39m [38;5;3m[TrackingGateway] [39m[33m[Tracking] Client socket-abc rejected: role=COURIER not allowed[39m
PASS src/tests/unit/servicios/cancelar-servicio.use-case.spec.ts
PASS specs/notifications.spec.ts
[32m[Nest] 15232  - [39m03/05/2026, 11:25:51 a.┬ám. [32m    LOG[39m [38;5;3m[NotificationsUseCases] [39m[32m[FCM] Token registrado para user user-1[39m
[32m[Nest] 15232  - [39m03/05/2026, 11:25:51 a.┬ám. [32m    LOG[39m [38;5;3m[NotificationsUseCases] [39m[32m[FCM] Token registrado para user 00000010-ed64-8518-8ec1-665b00000018[39m
[32m[Nest] 15232  - [39m03/05/2026, 11:25:51 a.┬ám. [32m    LOG[39m [38;5;3m[NotificationsUseCases] [39m[32m[FCM] Token registrado para user a5627d75-ffea-8fff-9708-3a9d0000000a[39m
[32m[Nest] 15232  - [39m03/05/2026, 11:25:51 a.┬ám. [32m    LOG[39m [38;5;3m[NotificationsUseCases] [39m[32m[FCM] Token registrado para user cd3b329a-000c-1000-bfff-fffb0aad3bea[39m
[32m[Nest] 15232  - [39m03/05/2026, 11:25:51 a.┬ám. [32m    LOG[39m [38;5;3m[NotificationsUseCases] [39m[32m[FCM] Token registrado para user 00000008-7d35-1833-9e7a-21ee267a6065[39m
[32m[Nest] 15232  - [39m03/05/2026, 11:25:51 a.┬ám. [32m    LOG[39m [38;5;3m[NotificationsUseCases] [39m[32m[FCM] Token registrado para user e27d82a3-000f-1000-9c85-e1b875a38ad8[39m
[32m[Nest] 15232  - [39m03/05/2026, 11:25:51 a.┬ám. [32m    LOG[39m [38;5;3m[NotificationsUseCases] [39m[32m[FCM] Token registrado para user ffffffee-7bee-18f2-8000-0016ffffffe6[39m
[32m[Nest] 15232  - [39m03/05/2026, 11:25:51 a.┬ám. [32m    LOG[39m [38;5;3m[NotificationsUseCases] [39m[32m[FCM] Token registrado para user ffffffeb-0016-1000-8000-0003ffffffe0[39m
[32m[Nest] 15232  - [39m03/05/2026, 11:25:51 a.┬ám. [32m    LOG[39m [38;5;3m[NotificationsUseCases] [39m[32m[FCM] Token registrado para user 2c9b825e-000d-1000-8000-000c320ab38b[39m
[32m[Nest] 15232  - [39m03/05/2026, 11:25:51 a.┬ám. [32m    LOG[39m [38;5;3m[NotificationsUseCases] [39m[32m[FCM] Token registrado para user 00000005-4c21-8f56-8000-0010617d40da[39m
[32m[Nest] 15232  - [39m03/05/2026, 11:25:51 a.┬ám. [32m    LOG[39m [38;5;3m[NotificationsUseCases] [39m[32m[FCM] Token registrado para user bc0130a9-ffe5-8fff-b328-d6b600000001[39m
[32m[Nest] 15232  - [39m03/05/2026, 11:25:51 a.┬ám. [32m    LOG[39m [38;5;3m[NotificationsUseCases] [39m[32m[FCM] Token registrado para user 7e4113a3-c7c0-8649-8000-000f00000002[39m
[32m[Nest] 15232  - [39m03/05/2026, 11:25:51 a.┬ám. [32m    LOG[39m [38;5;3m[NotificationsUseCases] [39m[32m[FCM] Token registrado para user 61565f69-453b-1483-8000-0017e3727ff8[39m
[32m[Nest] 15232  - [39m03/05/2026, 11:25:51 a.┬ám. [32m    LOG[39m [38;5;3m[NotificationsUseCases] [39m[32m[FCM] Token registrado para user 74644d1b-e137-707a-a5d6-12d89dfb70fd[39m
[32m[Nest] 15232  - [39m03/05/2026, 11:25:51 a.┬ám. [32m    LOG[39m [38;5;3m[NotificationsUseCases] [39m[32m[FCM] Token registrado para user fd8c3211-7eb0-2285-a63b-480d7c3dee8a[39m
[32m[Nest] 15232  - [39m03/05/2026, 11:25:51 a.┬ám. [32m    LOG[39m [38;5;3m[NotificationsUseCases] [39m[32m[FCM] Token registrado para user 5029356e-21b6-1b6e-8000-001800000009[39m
[32m[Nest] 15232  - [39m03/05/2026, 11:25:51 a.┬ám. [32m    LOG[39m [38;5;3m[NotificationsUseCases] [39m[32m[FCM] Token registrado para user 0000000e-7833-2419-8000-001600000016[39m
[32m[Nest] 15232  - [39m03/05/2026, 11:25:51 a.┬ám. [32m    LOG[39m [38;5;3m[NotificationsUseCases] [39m[32m[FCM] Token registrado para user ffffffe4-1a85-19c7-8000-001b1590464b[39m
[32m[Nest] 15232  - [39m03/05/2026, 11:25:51 a.┬ám. [32m    LOG[39m [38;5;3m[NotificationsUseCases] [39m[32m[FCM] Token registrado para user 00000008-000c-1000-97c9-0c71d396eada[39m
[32m[Nest] 15232  - [39m03/05/2026, 11:25:51 a.┬ám. [32m    LOG[39m [38;5;3m[NotificationsUseCases] [39m[32m[FCM] Token registrado para user 5f583759-2f2a-7228-b23a-b3e516d0429c[39m
[32m[Nest] 15232  - [39m03/05/2026, 11:25:51 a.┬ám. [32m    LOG[39m [38;5;3m[NotificationsUseCases] [39m[32m[FCM] Token registrado para user 9e9b66fe-a3fe-8878-8000-0014fffffff6[39m
[32m[Nest] 15232  - [39m03/05/2026, 11:25:51 a.┬ám. [32m    LOG[39m [38;5;3m[NotificationsUseCases] [39m[32m[FCM] Token registrado para user aefc46ed-0013-1000-a978-1e277f549fba[39m
[32m[Nest] 15232  - [39m03/05/2026, 11:25:51 a.┬ám. [32m    LOG[39m [38;5;3m[NotificationsUseCases] [39m[32m[FCM] Token registrado para user ccfd0c85-000c-1000-b14f-53e517c99989[39m
[32m[Nest] 15232  - [39m03/05/2026, 11:25:51 a.┬ám. [32m    LOG[39m [38;5;3m[NotificationsUseCases] [39m[32m[FCM] Token registrado para user b804b25c-84d8-1f71-9d16-cb62f5ffdfcb[39m
[32m[Nest] 15232  - [39m03/05/2026, 11:25:51 a.┬ám. [32m    LOG[39m [38;5;3m[NotificationsUseCases] [39m[32m[FCM] Token registrado para user 00000013-000a-1000-8000-00199b5f40c0[39m
[32m[Nest] 15232  - [39m03/05/2026, 11:25:51 a.┬ám. [32m    LOG[39m [38;5;3m[NotificationsUseCases] [39m[32m[FCM] Token registrado para user 13298147-8e99-593d-8000-0018f88811ee[39m
[32m[Nest] 15232  - [39m03/05/2026, 11:25:51 a.┬ám. [32m    LOG[39m [38;5;3m[NotificationsUseCases] [39m[32m[FCM] Token registrado para user ffffffef-040b-471a-bf67-75cbffffffe5[39m
[32m[Nest] 15232  - [39m03/05/2026, 11:25:51 a.┬ám. [32m    LOG[39m [38;5;3m[NotificationsUseCases] [39m[32m[FCM] Token registrado para user 9992d027-effd-4980-bfff-fffa0c0ef44e[39m
[32m[Nest] 15232  - [39m03/05/2026, 11:25:51 a.┬ám. [32m    LOG[39m [38;5;3m[NotificationsUseCases] [39m[32m[FCM] Token registrado para user 0000001a-025c-871f-a915-dc8bef93ca35[39m
[32m[Nest] 15232  - [39m03/05/2026, 11:25:51 a.┬ám. [32m    LOG[39m [38;5;3m[NotificationsUseCases] [39m[32m[FCM] Token registrado para user 92ab07c6-4018-26f5-92db-bdd44b7e3903[39m
[32m[Nest] 15232  - [39m03/05/2026, 11:25:51 a.┬ám. [32m    LOG[39m [38;5;3m[NotificationsUseCases] [39m[32m[FCM] Token registrado para user 585fb82a-aa1f-462a-bfff-fff6ac36195c[39m
[32m[Nest] 15232  - [39m03/05/2026, 11:25:51 a.┬ám. [32m    LOG[39m [38;5;3m[NotificationsUseCases] [39m[32m[FCM] Token registrado para user aabbffac-5d97-6de0-ae9c-b8873dbceca4[39m
[32m[Nest] 15232  - [39m03/05/2026, 11:25:51 a.┬ám. [32m    LOG[39m [38;5;3m[NotificationsUseCases] [39m[32m[FCM] Token registrado para user 00000004-39f0-42cc-bfff-fff7ee7ff78b[39m
[32m[Nest] 15232  - [39m03/05/2026, 11:25:51 a.┬ám. [32m    LOG[39m [38;5;3m[NotificationsUseCases] [39m[32m[FCM] Token registrado para user a0fe6123-000d-1000-8000-000800000018[39m
[32m[Nest] 15232  - [39m03/05/2026, 11:25:51 a.┬ám. [32m    LOG[39m [38;5;3m[NotificationsUseCases] [39m[32m[FCM] Token registrado para user 00000000-cf34-5fe3-8cf8-fcae7a0efcc9[39m
[32m[Nest] 15232  - [39m03/05/2026, 11:25:51 a.┬ám. [32m    LOG[39m [38;5;3m[NotificationsUseCases] [39m[32m[FCM] Token registrado para user ffffffff-98d9-6551-b8df-60cb1b10ed75[39m
[32m[Nest] 15232  - [39m03/05/2026, 11:25:51 a.┬ám. [32m    LOG[39m [38;5;3m[NotificationsUseCases] [39m[32m[FCM] Token registrado para user a65338cf-d2b9-30a0-8000-0000c1306766[39m
[32m[Nest] 15232  - [39m03/05/2026, 11:25:51 a.┬ám. [32m    LOG[39m [38;5;3m[NotificationsUseCases] [39m[32m[FCM] Token registrado para user f17436e2-2305-1c0e-8000-0012ffffffe1[39m
[32m[Nest] 15232  - [39m03/05/2026, 11:25:51 a.┬ám. [32m    LOG[39m [38;5;3m[NotificationsUseCases] [39m[32m[FCM] Token registrado para user 048caad3-f58f-6d8c-960c-e4d92ba09ba6[39m
[32m[Nest] 15232  - [39m03/05/2026, 11:25:51 a.┬ám. [32m    LOG[39m [38;5;3m[NotificationsUseCases] [39m[32m[FCM] Token registrado para user 420af1cc-2209-765a-a69c-43f7ca7737cc[39m
[32m[Nest] 15232  - [39m03/05/2026, 11:25:51 a.┬ám. [32m    LOG[39m [38;5;3m[NotificationsUseCases] [39m[32m[FCM] Token registrado para user 00000002-1239-8b9f-8000-0003e78d38b5[39m
[32m[Nest] 15232  - [39m03/05/2026, 11:25:51 a.┬ám. [32m    LOG[39m [38;5;3m[NotificationsUseCases] [39m[32m[FCM] Token registrado para user 00000008-655c-4b44-b1ec-9dc5121afe76[39m
[32m[Nest] 15232  - [39m03/05/2026, 11:25:51 a.┬ám. [32m    LOG[39m [38;5;3m[NotificationsUseCases] [39m[32m[FCM] Token registrado para user 311e16de-4182-20f4-88d7-117e8cdfcf7a[39m
[32m[Nest] 15232  - [39m03/05/2026, 11:25:51 a.┬ám. [32m    LOG[39m [38;5;3m[NotificationsUseCases] [39m[32m[FCM] Token registrado para user 9cd7d027-0001-1000-8592-e0c8614475ff[39m
[32m[Nest] 15232  - [39m03/05/2026, 11:25:51 a.┬ám. [32m    LOG[39m [38;5;3m[NotificationsUseCases] [39m[32m[FCM] Token registrado para user ffffffe4-777b-2121-8000-000511cd536f[39m
[32m[Nest] 15232  - [39m03/05/2026, 11:25:51 a.┬ám. [32m    LOG[39m [38;5;3m[NotificationsUseCases] [39m[32m[FCM] Token registrado para user 89d5f082-837f-7b34-b8f4-bffe784b27c5[39m
[32m[Nest] 15232  - [39m03/05/2026, 11:25:51 a.┬ám. [32m    LOG[39m [38;5;3m[NotificationsUseCases] [39m[32m[FCM] Token registrado para user 00000012-ba56-262b-9316-93c600000015[39m
[32m[Nest] 15232  - [39m03/05/2026, 11:25:51 a.┬ám. [32m    LOG[39m [38;5;3m[NotificationsUseCases] [39m[32m[FCM] Token registrado para user 21f8e2e0-0005-1000-983e-9bf0501dd014[39m
[32m[Nest] 15232  - [39m03/05/2026, 11:25:51 a.┬ám. [32m    LOG[39m [38;5;3m[NotificationsUseCases] [39m[32m[FCM] Token registrado para user ffffffe3-897a-1f9e-bfff-ffea68c384af[39m
[32m[Nest] 15232  - [39m03/05/2026, 11:25:51 a.┬ám. [32m    LOG[39m [38;5;3m[NotificationsUseCases] [39m[32m[FCM] Token registrado para user fffffffd-c010-1389-9274-81c10bc950b5[39m
[32m[Nest] 15232  - [39m03/05/2026, 11:25:51 a.┬ám. [32m    LOG[39m [38;5;3m[NotificationsUseCases] [39m[32m[FCM] Token registrado para user 0e35896b-1d67-8662-b2c7-980eb9cb6162[39m
[33m[Nest] 15232  - [39m03/05/2026, 11:25:51 a.┬ám. [33m   WARN[39m [38;5;3m[NotificationsUseCases] [39m[33m[FCM] Mensajero courier-1 no tiene FCM token registrado[39m
[33m[Nest] 15232  - [39m03/05/2026, 11:25:51 a.┬ám. [33m   WARN[39m [38;5;3m[NotificationsUseCases] [39m[33m[FCM] No hay mensajeros con token en empresa company-1[39m
[32m[Nest] 15232  - [39m03/05/2026, 11:25:51 a.┬ám. [32m    LOG[39m [38;5;3m[NotificationsUseCases] [39m[32m[FCM] Broadcast empresa company-1: 2 ok, 0 fallidos[39m
PASS specs/users-use-cases.spec.ts
PASS specs/evidencias.spec.ts
PASS specs/courier-mobile-history.spec.ts
PASS specs/permissions-guard.spec.ts
PASS specs/auth.spec.ts
PASS src/tests/unit/tracking/registrar-ubicacion.use-case.spec.ts
[31m[Nest] 15232  - [39m03/05/2026, 11:25:55 a.┬ám. [31m  ERROR[39m 
[38;5;3m[ServiceUpdatesGateway] [39m[31m[Services WS] Client socket-1 rejected: 
invalid[39m
PASS src/tests/unit/servicios/services-updates.gateway.spec.ts
[33m[Nest] 15232  - [39m03/05/2026, 11:25:55 a.┬ám. [33m   WARN[39m [38;5;3m[ServiceUpdatesGateway] [39m[33m[Services WS] Client socket-1 rejected: no token[39m
[33m[Nest] 15232  - [39m03/05/2026, 11:25:55 a.┬ám. [33m   WARN[39m [38;5;3m[ServiceUpdatesGateway] [39m[33m[Services WS] Client socket-1 rejected: role=ADMIN[39m
[32m[Nest] 15232  - [39m03/05/2026, 11:25:55 a.┬ám. [32m    LOG[39m [38;5;3m[ServiceUpdatesGateway] [39m[32m[Services WS] Courier courier-1 connected (socket socket-1)[39m
[32m[Nest] 15232  - [39m03/05/2026, 11:25:55 a.┬ám. [32m    LOG[39m [38;5;3m[ServiceUpdatesGateway] [39m[32m[Services WS] Courier courier-1 connected (socket s1)[39m
[32m[Nest] 15232  - [39m03/05/2026, 11:25:55 a.┬ám. [32m    LOG[39m [38;5;3m[ServiceUpdatesGateway] [39m[32m[Services WS] Courier courier-1 connected (socket s2)[39m
[32m[Nest] 15232  - [39m03/05/2026, 11:25:55 a.┬ám. [32m    LOG[39m [38;5;3m[ServiceUpdatesGateway] [39m[32m[Services WS] Courier courier-1 connected (socket s1)[39m
[32m[Nest] 15232  - [39m03/05/2026, 11:25:55 a.┬ám. [32m    LOG[39m [38;5;3m[ServiceUpdatesGateway] [39m[32m[Services WS] Client s1 disconnected[39m
PASS src/tests/unit/liquidaciones/generar-liquidacion-cliente.use-case.spec.ts
PASS src/tests/unit/liquidaciones/generar-liquidacion-courier.use-case.spec.ts
PASS src/tests/unit/auth/login.use-case.spec.ts
PASS specs/courier-mobile-settlements.spec.ts
PASS src/tests/unit/auth/refresh-token.use-case.spec.ts
PASS src/tests/unit/reportes/reporte-servicios.use-case.spec.ts
PASS src/tests/unit/evidencias/subir-evidencia.use-case.spec.ts
PASS src/tests/unit/servicios/validar-transicion.spec.ts
PASS src/tests/unit/evidencias/consultar-evidencia.use-case.spec.ts
PASS specs/mensajeros.spec.ts
PASS specs/courier-mobile-service-detail.spec.ts
PASS src/tests/unit/liquidaciones/validar-liquidacion.spec.ts
PASS specs/super-admin/super-admin-guard.spec.ts
PASS src/tests/unit/servicios/validar-asignacion.spec.ts
PASS specs/planes-suscripciones.spec.ts
[31m[Nest] 15232  - [39m03/05/2026, 11:26:01 a.┬ám. [31m  ERROR[39m 
[38;5;3m[AuditLogService] [39m[31mFailed to write audit log[39m
[31m[Nest] 15232  - [39m03/05/2026, 11:26:01 a.┬ám. [31m  ERROR[39m 
[38;5;3m[AuditLogService] [39m[31mObject:[39m
{
  "entry": {
    "super_admin_id": "admin-id",
    "action": "DELETE_TENANT",
    "entity_type": "Company",
    "entity_id": "company-id"
  },
  "error": {}
}

PASS specs/super-admin/audit-log.service.spec.ts
PASS src/tests/unit/tracking/consultar-ubicacion.use-case.spec.ts
PASS src/tests/unit/mensajeros/jornada.use-case.spec.ts
PASS src/tests/unit/mensajeros/validar-jornada.spec.ts
PASS src/tests/unit/evidencias/validar-evidencia.spec.ts
PASS src/tests/unit/tracking/validar-tracking.spec.ts
PASS src/tests/unit/servicios/validar-precio.spec.ts
PASS specs/super-admin/swagger-auth.middleware.spec.ts
PASS src/tests/unit/mensajeros/mensajero.machine.spec.ts
PASS src/tests/unit/servicios/state-machine.spec.ts
PASS src/tests/unit/liquidaciones/calcular-liquidacion.spec.ts
FAIL src/tests/unit/reportes/reporte-financiero.use-case.spec.ts
  ÔùÅ Test suite failed to run

    [96msrc/tests/unit/reportes/reporte-financiero.use-case.spec.ts[0m:[93m42[0m:[
93m40[0m - [91merror[0m[90m TS2339: [0mProperty 'total_earned' does not exist on 
type '{ count: number; company_commission: number; }'.

    [7m42[0m     expect(result!.settlements.settled.total_earned).toBe(10000);
    [7m  [0m [91m                                       ~~~~~~~~~~~~[0m
    [96msrc/tests/unit/reportes/reporte-financiero.use-case.spec.ts[0m:[93m43[0m:[
93m42[0m - [91merror[0m[90m TS2339: [0mProperty 'total_earned' does not exist on 
type '{ count: number; company_commission: number; }'.

    [7m43[0m     expect(result!.settlements.unsettled.total_earned).toBe(5000);
    [7m  [0m [91m                                         ~~~~~~~~~~~~[0m

Summary of all failing tests
FAIL specs/reportes-ampliados.spec.ts (8.345 s)
  ÔùÅ ReportesRepository.getCourierStats ÔÇö Property Tests ÔÇ║ Property 3: 
company_earnings = ╬ú(delivery_price de is_settled_courier=true) ÔêÆ ╬ú(total_earned 
de settlements)

    Property failed after 4 tests
    { seed: 430557081, path: "3:0:0:0:0:0:0:8:0:0:1:1:4:4:0:1:0:0", endOnFailure: true 
}
    Counterexample: [[{"courier_id":"00000000-0000-1000-8000-000000000000","settled_amo
unt":0,"total_earned":0.000005000000328436727,"has_settlements":true}]]
    Shrunk 17 time(s)

    Hint: Enable verbose mode in order to have the list of all failing values 
encountered during the run

      at buildError (node_modules/fast-check/lib/cjs/fast-check.js:2449:16)
      at asyncThrowIfFailed (node_modules/fast-check/lib/cjs/fast-check.js:2461:8)

    Cause:
    expect(received).toBeCloseTo(expected, precision)

    Expected: -0.000005000000328436727
    Received: 0

    Expected precision:    5
    Expected difference: < 0.000005
    Received difference:   0.000005000000328436727

    [0m [90m 635 |[39m               [33m:[39m 
courier[33m.[39msettled_amount[33m;[39m [90m// no settlements ÔåÆ total_earned = 
0[39m
     [90m 636 |[39m
    [31m[1m>[22m[39m[90m 637 |[39m             expect(row[33m.[39mcompany_earni
ngs)[33m.[39mtoBeCloseTo(expectedEarnings[33m,[39m [35m5[39m)[33m;[39m
     [90m     |[39m                                          [31m[1m^[22m[39m
     [90m 638 |[39m           }
     [90m 639 |[39m         }[33m,[39m
     [90m 640 |[39m       )[33m,[39m[0m

      at specs/reportes-ampliados.spec.ts:637:42
      at AsyncProperty.run (node_modules/fast-check/lib/cjs/fast-check.js:1208:19)
      at asyncRunIt (node_modules/fast-check/lib/cjs/fast-check.js:2503:15)
      at Object.<anonymous> (specs/reportes-ampliados.spec.ts:565:5)

FAIL src/tests/unit/reportes/reporte-financiero.use-case.spec.ts
  ÔùÅ Test suite failed to run

    [96msrc/tests/unit/reportes/reporte-financiero.use-case.spec.ts[0m:[93m42[0m:[
93m40[0m - [91merror[0m[90m TS2339: [0mProperty 'total_earned' does not exist on 
type '{ count: number; company_commission: number; }'.

    [7m42[0m     expect(result!.settlements.settled.total_earned).toBe(10000);
    [7m  [0m [91m                                       ~~~~~~~~~~~~[0m
    [96msrc/tests/unit/reportes/reporte-financiero.use-case.spec.ts[0m:[93m43[0m:[
93m42[0m - [91merror[0m[90m TS2339: [0mProperty 'total_earned' does not exist on 
type '{ count: number; company_commission: number; }'.

    [7m43[0m     expect(result!.settlements.unsettled.total_earned).toBe(5000);
    [7m  [0m [91m                                         ~~~~~~~~~~~~[0m


Test Suites: 2 failed, 46 passed, 48 total
Tests:       1 failed, 4 skipped, 430 passed, 435 total
Snapshots:   0 total
Time:        36.08 s, estimated 46 s
Ran all test suites.
